<html>
<body>
<pre>
<h1>µVision Build Log</h1>
<h2>Tool Versions:</h2>
IDE-Version: ¦ÌVision V5.14.0.0
Copyright (C) 2015 ARM Ltd and ARM Germany GmbH. All rights reserved.
License Information: Binwei Liu, Fourier, LIC=8MZJJ-UQ39B-TLTCD-83EPU-GR97Y-PXXVK
 
Tool Versions:
Toolchain:       MDK-ARM Professional  Version: 5.14.0.0
Toolchain Path:  C:\Keil_v5\ARM\ARMCC\Bin
C Compiler:      Armcc.exe V5.05 update 1 (build 106)
Assembler:       Armasm.exe V5.05 update 1 (build 106)
Linker/Locator:  ArmLink.exe V5.05 update 1 (build 106)
Library Manager: ArmAr.exe V5.05 update 1 (build 106)
Hex Converter:   FromElf.exe V5.05 update 1 (build 106)
CPU DLL:         SARMCM3.DLL V5.14.0.0
Dialog DLL:      DCM.DLL V1.13.1.0
Target DLL:      Segger\JL2CM3.dll V2.99.13.0
Dialog DLL:      TCM.DLL V1.14.4.0
 
<h2>Project:</h2>
D:\Documents\GitHub\MPU6050-\USER\MPU6050.uvprojx
Project File Date:  11/23/2017

<h2>Output:</h2>
Build target 'MPU6050'
compiling main.c...
main.c(119): warning:  #550-D: variable "Pitch" was set but never used
        float Pitch,Roll,Yaw;           //Å·À­?               ^
main.c(119): warning:  #550-D: variable "Roll" was set but never used
        float Pitch,Roll,Yaw;           //Å·À­?                     ^
main.c: 2 warnings, 0 errors
linking...
Program Size: Code=64606 RO-data=10558 RW-data=688 ZI-data=1912  
FromELF: creating hex file...
"..\OBJ\MPU6050.axf" - 0 Error(s), 2 Warning(s).

<h2>Collection of Component include folders:</h2>
  D:\Documents\GitHub\MPU6050-\USER\RTE
  C:\Keil_v5\ARM\PACK\Keil\STM32F4xx_DFP\2.10.0

<h2>Collection of Component Files used:</h2>
</pre>
</body>
</html>
