Component: ARM Compiler 5.05 update 1 (build 106) Tool: armlink [4d0efa]

==============================================================================

Section Cross References

    main.o(.text) refers to _printf_percent.o(.ARM.Collect$$_printf_percent$$00000000) for _printf_percent
    main.o(.text) refers to _printf_f.o(.ARM.Collect$$_printf_percent$$00000003) for _printf_f
    main.o(.text) refers to printf1.o(x$fpl$printf1) for _printf_fp_dec
    main.o(.text) refers to _printf_d.o(.ARM.Collect$$_printf_percent$$00000009) for _printf_d
    main.o(.text) refers to _printf_dec.o(.text) for _printf_int_dec
    main.o(.text) refers to stm32f4xx_usart.o(.text) for USART_SendData
    main.o(.text) refers to misc.o(.text) for NVIC_PriorityGroupConfig
    main.o(.text) refers to delay.o(.text) for delay_init
    main.o(.text) refers to usart.o(.text) for uart_init
    main.o(.text) refers to led.o(.text) for LED_Init
    main.o(.text) refers to key.o(.text) for KEY_Init
    main.o(.text) refers to lcd.o(.text) for LCD_Init
    main.o(.text) refers to mpu6050.o(.text) for MPU_Init
    main.o(.text) refers to inv_mpu.o(.text) for mpu_dmp_init
    main.o(.text) refers to virtualdmp.o(.text) for Kalman_Filter_X
    main.o(.text) refers to lcd.o(.data) for POINT_COLOR
    main.o(.text) refers to f2d.o(x$fpl$f2d) for __aeabi_f2d
    main.o(.text) refers to noretval__2printf.o(.text) for __2printf
    system_stm32f4xx.o(.text) refers to system_stm32f4xx.o(.data) for SystemCoreClock
    led.o(.text) refers to stm32f4xx_rcc.o(.text) for RCC_AHB1PeriphClockCmd
    led.o(.text) refers to stm32f4xx_gpio.o(.text) for GPIO_Init
    key.o(.text) refers to stm32f4xx_rcc.o(.text) for RCC_AHB1PeriphClockCmd
    key.o(.text) refers to stm32f4xx_gpio.o(.text) for GPIO_Init
    key.o(.text) refers to delay.o(.text) for delay_ms
    key.o(.text) refers to key.o(.data) for key_up
    lcd.o(.text) refers to _printf_percent.o(.ARM.Collect$$_printf_percent$$00000000) for _printf_percent
    lcd.o(.text) refers to _printf_x.o(.ARM.Collect$$_printf_percent$$0000000C) for _printf_x
    lcd.o(.text) refers to _printf_hex_int.o(.text) for _printf_longlong_hex
    lcd.o(.text) refers to delay.o(.text) for delay_us
    lcd.o(.text) refers to lcd.o(.bss) for lcddev
    lcd.o(.text) refers to lcd.o(.data) for POINT_COLOR
    lcd.o(.text) refers to dflt_clz.o(x$fpl$dfltu) for __aeabi_ui2d
    lcd.o(.text) refers to dmul.o(x$fpl$dmul) for __aeabi_dmul
    lcd.o(.text) refers to dfixu.o(x$fpl$dfixu) for __aeabi_d2uiz
    lcd.o(.text) refers to stm32f4xx_rcc.o(.text) for RCC_AHB1PeriphClockCmd
    lcd.o(.text) refers to stm32f4xx_gpio.o(.text) for GPIO_Init
    lcd.o(.text) refers to stm32f4xx_fsmc.o(.text) for FSMC_NORSRAMInit
    lcd.o(.text) refers to noretval__2printf.o(.text) for __2printf
    lcd.o(.text) refers to lcd.o(.constdata) for asc2_1206
    myiic.o(.text) refers to stm32f4xx_rcc.o(.text) for RCC_AHB1PeriphClockCmd
    myiic.o(.text) refers to stm32f4xx_gpio.o(.text) for GPIO_Init
    myiic.o(.text) refers to delay.o(.text) for delay_us
    mpu6050.o(.text) refers to myiic.o(.text) for IIC_Start
    mpu6050.o(.text) refers to delay.o(.text) for delay_ms
    mpu6050.o(.text) refers to dflt_clz.o(x$fpl$dflt) for __aeabi_i2d
    mpu6050.o(.text) refers to ddiv.o(x$fpl$ddiv) for __aeabi_ddiv
    mpu6050.o(.text) refers to daddsub_clz.o(x$fpl$dadd) for __aeabi_dadd
    mpu6050.o(.text) refers to d2f.o(x$fpl$d2f) for __aeabi_d2f
    inv_mpu.o(.text) refers to _printf_pad.o(.text) for _printf_pre_padding
    inv_mpu.o(.text) refers to _printf_percent.o(.ARM.Collect$$_printf_percent$$00000000) for _printf_percent
    inv_mpu.o(.text) refers to _printf_x.o(.ARM.Collect$$_printf_percent$$0000000C) for _printf_x
    inv_mpu.o(.text) refers to _printf_hex_int.o(.text) for _printf_longlong_hex
    inv_mpu.o(.text) refers to _printf_d.o(.ARM.Collect$$_printf_percent$$00000009) for _printf_d
    inv_mpu.o(.text) refers to _printf_dec.o(.text) for _printf_int_dec
    inv_mpu.o(.text) refers to mpu6050.o(.text) for MPU_Write_Len
    inv_mpu.o(.text) refers to noretval__2printf.o(.text) for __2printf
    inv_mpu.o(.text) refers to delay.o(.text) for delay_ms
    inv_mpu.o(.text) refers to inv_mpu.o(.data) for st
    inv_mpu.o(.text) refers to inv_mpu.o(.conststring) for .conststring
    inv_mpu.o(.text) refers to inv_mpu.o(.constdata) for test
    inv_mpu.o(.text) refers to llsdiv.o(.text) for __aeabi_ldivmod
    inv_mpu.o(.text) refers to memcmp.o(.text) for memcmp
    inv_mpu.o(.text) refers to inv_mpu_dmp_motion_driver.o(.text) for dmp_set_gyro_bias
    inv_mpu.o(.text) refers to myiic.o(.text) for IIC_Init
    inv_mpu.o(.text) refers to f2d.o(x$fpl$f2d) for __aeabi_f2d
    inv_mpu.o(.text) refers to asin.o(i.__hardfp_asin) for __hardfp_asin
    inv_mpu.o(.text) refers to dmul.o(x$fpl$dmul) for __aeabi_dmul
    inv_mpu.o(.text) refers to d2f.o(x$fpl$d2f) for __aeabi_d2f
    inv_mpu.o(.text) refers to atan2.o(i.__hardfp_atan2) for __hardfp_atan2
[...]
    usart1_send_char                         0x080002a1   Thumb Code    28  main.o(.text)
    usart1_niming_report                     0x080002bd   Thumb Code   118  main.o(.text)
    mpu6050_send_data                        0x08000333   Thumb Code   110  main.o(.text)
    usart1_report_imu                        0x080003a1   Thumb Code   192  main.o(.text)
    main                                     0x08000461   Thumb Code  1502  main.o(.text)
    NMI_Handler                              0x08000a65   Thumb Code     2  stm32f4xx_it.o(.text)
    HardFault_Handler                        0x08000a67   Thumb Code     4  stm32f4xx_it.o(.text)
    MemManage_Handler                        0x08000a6b   Thumb Code     4  stm32f4xx_it.o(.text)
    BusFault_Handler                         0x08000a6f   Thumb Code     4  stm32f4xx_it.o(.text)
    UsageFault_Handler                       0x08000a73   Thumb Code     4  stm32f4xx_it.o(.text)
    SVC_Handler                              0x08000a77   Thumb Code     2  stm32f4xx_it.o(.text)
    DebugMon_Handler                         0x08000a79   Thumb Code     2  stm32f4xx_it.o(.text)
    PendSV_Handler                           0x08000a7b   Thumb Code     2  stm32f4xx_it.o(.text)
    SysTick_Handler                          0x08000a7d   Thumb Code     2  stm32f4xx_it.o(.text)
    SystemInit                               0x08000b5d   Thumb Code    88  system_stm32f4xx.o(.text)
    SystemCoreClockUpdate                    0x08000bb5   Thumb Code   174  system_stm32f4xx.o(.text)
    LED_Init                                 0x08000c91   Thumb Code    60  led.o(.text)
    KEY_Init                                 0x08000cd1   Thumb Code    60  key.o(.text)
    KEY_Scan                                 0x08000d0d   Thumb Code   188  key.o(.text)
    LCD_WR_REG                               0x08000dd5   Thumb Code    18  lcd.o(.text)
    LCD_WR_DATA                              0x08000de7   Thumb Code    20  lcd.o(.text)
    LCD_RD_DATA                              0x08000dfb   Thumb Code    16  lcd.o(.text)
    LCD_WriteReg                             0x08000e0b   Thumb Code    14  lcd.o(.text)
    LCD_ReadReg                              0x08000e19   Thumb Code    22  lcd.o(.text)
    LCD_WriteRAM_Prepare                     0x08000e2f   Thumb Code    10  lcd.o(.text)
    LCD_WriteRAM                             0x08000e39   Thumb Code     8  lcd.o(.text)
    LCD_BGR2RGB                              0x08000e41   Thumb Code    26  lcd.o(.text)
    opt_delay                                0x08000e5b   Thumb Code    14  lcd.o(.text)
    LCD_SetCursor                            0x08000e69   Thumb Code   418  lcd.o(.text)
    LCD_ReadPoint                            0x0800100b   Thumb Code   360  lcd.o(.text)
    LCD_DisplayOn                            0x08001173   Thumb Code   102  lcd.o(.text)
    LCD_DisplayOff                           0x080011d9   Thumb Code    90  lcd.o(.text)
    LCD_Scan_Dir                             0x08001233   Thumb Code   744  lcd.o(.text)
    LCD_DrawPoint                            0x0800151b   Thumb Code    28  lcd.o(.text)
    LCD_Fast_DrawPoint                       0x08001537   Thumb Code   388  lcd.o(.text)
    LCD_SSD_BackLightSet                     0x080016bb   Thumb Code    88  lcd.o(.text)
    LCD_Display_Dir                          0x08001713   Thumb Code   444  lcd.o(.text)
    LCD_Set_Window                           0x080018cf   Thumb Code   546  lcd.o(.text)
    LCD_Clear                                0x08001af1   Thumb Code   100  lcd.o(.text)
    LCD_Init                                 0x08001b55   Thumb Code 14696  lcd.o(.text)
    LCD_Fill                                 0x080054bd   Thumb Code   180  lcd.o(.text)
    LCD_Color_Fill                           0x08005571   Thumb Code   100  lcd.o(.text)
    LCD_DrawLine                             0x080055d5   Thumb Code   176  lcd.o(.text)
    LCD_DrawRectangle                        0x08005685   Thumb Code    60  lcd.o(.text)
    LCD_Draw_Circle                          0x080056c1   Thumb Code   152  lcd.o(.text)
    LCD_ShowChar                             0x08005759   Thumb Code   272  lcd.o(.text)
    LCD_Pow                                  0x08005869   Thumb Code    22  lcd.o(.text)
    LCD_ShowNum                              0x0800587f   Thumb Code   148  lcd.o(.text)
    LCD_ShowxNum                             0x08005913   Thumb Code   220  lcd.o(.text)
    LCD_ShowString                           0x080059ef   Thumb Code   102  lcd.o(.text)
    IIC_Init                                 0x08005a55   Thumb Code    62  myiic.o(.text)
    IIC_Start                                0x08005a93   Thumb Code    68  myiic.o(.text)
    IIC_Stop                                 0x08005ad7   Thumb Code    62  myiic.o(.text)
    IIC_Wait_Ack                             0x08005b15   Thumb Code    82  myiic.o(.text)
    IIC_Ack                                  0x08005b67   Thumb Code    66  myiic.o(.text)
    IIC_NAck                                 0x08005ba9   Thumb Code    66  myiic.o(.text)
    IIC_Send_Byte                            0x08005beb   Thumb Code    90  myiic.o(.text)
    IIC_Read_Byte                            0x08005c45   Thumb Code    94  myiic.o(.text)
    MPU_Write_Byte                           0x08005cb1   Thumb Code    68  mpu6050.o(.text)
    MPU_Set_LPF                              0x08005cf5   Thumb Code    58  mpu6050.o(.text)
    MPU_Set_Rate                             0x08005d2f   Thumb Code    58  mpu6050.o(.text)
    MPU_Read_Byte                            0x08005d69   Thumb Code    58  mpu6050.o(.text)
    MPU_Set_Accel_Fsr                        0x08005da3   Thumb Code    16  mpu6050.o(.text)
    MPU_Set_Gyro_Fsr                         0x08005db3   Thumb Code    16  mpu6050.o(.text)
    MPU_Init                                 0x08005dc3   Thumb Code   122  mpu6050.o(.text)
    MPU_Read_Len                             0x08005e3d   Thumb Code   116  mpu6050.o(.text)
    MPU_Get_Temperature                      0x08005eb1   Thumb Code   110  mpu6050.o(.text)
    MPU_Get_Gyroscope                        0x08005f1f   Thumb Code    80  mpu6050.o(.text)
    MPU_Get_Accelerometer                    0x08005f6f   Thumb Code    80  mpu6050.o(.text)
    MPU_Write_Len                            0x08005fbf   Thumb Code    96  mpu6050.o(.text)
    mpu_reg_dump                             0x080060bf   Thumb Code    84  inv_mpu.o(.text)
    mpu_read_reg                             0x08006113   Thumb Code    66  inv_mpu.o(.text)
    mpu_set_int_latched                      0x08006155   Thumb Code   102  inv_mpu.o(.text)
    mpu_set_sensors                          0x080061bb   Thumb Code   202  inv_mpu.o(.text)
    mpu_set_bypass                           0x08006285   Thumb Code   328  inv_mpu.o(.text)
    mpu_reset_fifo                           0x080063cd   Thumb Code   472  inv_mpu.o(.text)
    mpu_configure_fifo                       0x080065a5   Thumb Code   106  inv_mpu.o(.text)
    mpu_set_lpf                              0x0800660f   Thumb Code   126  inv_mpu.o(.text)
    mpu_lp_accel_mode                        0x0800668d   Thumb Code   218  inv_mpu.o(.text)
    mpu_set_sample_rate                      0x08006767   Thumb Code   152  inv_mpu.o(.text)
    mpu_set_accel_fsr                        0x080067ff   Thumb Code   132  inv_mpu.o(.text)
    mpu_set_gyro_fsr                         0x08006883   Thumb Code   132  inv_mpu.o(.text)
    mpu_init                                 0x08006907   Thumb Code   416  inv_mpu.o(.text)
    mget_ms                                  0x08006aa7   Thumb Code     2  inv_mpu.o(.text)
    mpu_get_gyro_reg                         0x08006aa9   Thumb Code   110  inv_mpu.o(.text)
    mpu_get_accel_reg                        0x08006b17   Thumb Code   110  inv_mpu.o(.text)
    mpu_get_temperature                      0x08006b85   Thumb Code   142  inv_mpu.o(.text)
    mpu_set_accel_bias                       0x08006c13   Thumb Code   472  inv_mpu.o(.text)
    mpu_get_gyro_fsr                         0x08006deb   Thumb Code    64  inv_mpu.o(.text)
    mpu_get_accel_fsr                        0x08006e2b   Thumb Code    72  inv_mpu.o(.text)
    mpu_get_lpf                              0x08006e73   Thumb Code    74  inv_mpu.o(.text)
    mpu_get_sample_rate                      0x08006ebd   Thumb Code    26  inv_mpu.o(.text)
    mpu_get_compass_sample_rate              0x08006ed7   Thumb Code    10  inv_mpu.o(.text)
    mpu_set_compass_sample_rate              0x08006ee1   Thumb Code     8  inv_mpu.o(.text)
    mpu_get_gyro_sens                        0x08006ee9   Thumb Code    74  inv_mpu.o(.text)
    mpu_get_accel_sens                       0x08006f33   Thumb Code    78  inv_mpu.o(.text)
    mpu_get_fifo_config                      0x08006f81   Thumb Code    12  inv_mpu.o(.text)
    mpu_get_power_state                      0x08006f8d   Thumb Code    22  inv_mpu.o(.text)
    mpu_get_int_status                       0x08006fa3   Thumb Code    64  inv_mpu.o(.text)
    mpu_read_fifo                            0x08006fe3   Thumb Code   520  inv_mpu.o(.text)
    mpu_read_fifo_stream                     0x080071eb   Thumb Code   186  inv_mpu.o(.text)
    mpu_set_int_level                        0x080072a5   Thumb Code    12  inv_mpu.o(.text)
    mpu_set_dmp_state                        0x080079b5   Thumb Code   138  inv_mpu.o(.text)
    mpu_run_self_test                        0x08007a3f   Thumb Code   278  inv_mpu.o(.text)
    mpu_write_mem                            0x08007b55   Thumb Code   122  inv_mpu.o(.text)
    mpu_read_mem                             0x08007bcf   Thumb Code   122  inv_mpu.o(.text)
    mpu_load_firmware                        0x08007c49   Thumb Code   190  inv_mpu.o(.text)
    mpu_get_dmp_state                        0x08007d07   Thumb Code    14  inv_mpu.o(.text)
    setup_compass                            0x08007d15   Thumb Code     6  inv_mpu.o(.text)
    mpu_get_compass_reg                      0x08007d1b   Thumb Code     8  inv_mpu.o(.text)
    mpu_get_compass_fsr                      0x08007d23   Thumb Code     8  inv_mpu.o(.text)
    mpu_lp_motion_interrupt                  0x08007d2b   Thumb Code   512  inv_mpu.o(.text)
    run_self_test                            0x08007f2b   Thumb Code   154  inv_mpu.o(.text)
    inv_row_2_scale                          0x08007fc5   Thumb Code    78  inv_mpu.o(.text)
    inv_orientation_matrix_to_scalar         0x08008013   Thumb Code    40  inv_mpu.o(.text)
    mpu_dmp_init                             0x0800803b   Thumb Code   160  inv_mpu.o(.text)
    mpu_dmp_get_data                         0x080080db   Thumb Code   520  inv_mpu.o(.text)
    dmp_load_motion_driver_firmware          0x080082f5   Thumb Code    20  inv_mpu_dmp_motion_driver.o(.text)
    dmp_set_orientation                      0x08008309   Thumb Code   290  inv_mpu_dmp_motion_driver.o(.text)
    dmp_set_gyro_bias                        0x0800842b   Thumb Code   294  inv_mpu_dmp_motion_driver.o(.text)
    dmp_set_accel_bias                       0x08008551   Thumb Code   300  inv_mpu_dmp_motion_driver.o(.text)
    dmp_set_fifo_rate                        0x0800867d   Thumb Code   136  inv_mpu_dmp_motion_driver.o(.text)
    dmp_get_fifo_rate                        0x08008705   Thumb Code    12  inv_mpu_dmp_motion_driver.o(.text)
    dmp_set_tap_thresh                       0x08008711   Thumb Code   412  inv_mpu_dmp_motion_driver.o(.text)
    dmp_set_tap_axes                         0x080088ad   Thumb Code    70  inv_mpu_dmp_motion_driver.o(.text)
    dmp_set_tap_count                        0x080088f3   Thumb Code    38  inv_mpu_dmp_motion_driver.o(.text)
    dmp_set_tap_time                         0x08008919   Thumb Code    38  inv_mpu_dmp_motion_driver.o(.text)
    dmp_set_tap_time_multi                   0x0800893f   Thumb Code    38  inv_mpu_dmp_motion_driver.o(.text)
    dmp_set_shake_reject_thresh              0x08008965   Thumb Code    56  inv_mpu_dmp_motion_driver.o(.text)
    dmp_set_shake_reject_time                0x0800899d   Thumb Code    38  inv_mpu_dmp_motion_driver.o(.text)
    dmp_set_shake_reject_timeout             0x080089c3   Thumb Code    38  inv_mpu_dmp_motion_driver.o(.text)
    dmp_get_pedometer_step_count             0x080089e9   Thumb Code    66  inv_mpu_dmp_motion_driver.o(.text)
    dmp_set_pedometer_step_count             0x08008a2b   Thumb Code    42  inv_mpu_dmp_motion_driver.o(.text)
    dmp_get_pedometer_walk_time              0x08008a55   Thumb Code    72  inv_mpu_dmp_motion_driver.o(.text)
    dmp_set_pedometer_walk_time              0x08008a9d   Thumb Code    48  inv_mpu_dmp_motion_driver.o(.text)
    dmp_enable_6x_lp_quat                    0x08008acd   Thumb Code   100  inv_mpu_dmp_motion_driver.o(.text)
    dmp_enable_lp_quat                       0x08008b31   Thumb Code    60  inv_mpu_dmp_motion_driver.o(.text)
    dmp_enable_gyro_cal                      0x08008b6d   Thumb Code    62  inv_mpu_dmp_motion_driver.o(.text)
    dmp_enable_feature                       0x08008bab   Thumb Code   530  inv_mpu_dmp_motion_driver.o(.text)
    dmp_get_enabled_features                 0x08008dbd   Thumb Code    12  inv_mpu_dmp_motion_driver.o(.text)
    dmp_set_interrupt_mode                   0x08008e27   Thumb Code    66  inv_mpu_dmp_motion_driver.o(.text)
    dmp_read_fifo                            0x08008e69   Thumb Code   514  inv_mpu_dmp_motion_driver.o(.text)
    dmp_register_tap_cb                      0x0800906b   Thumb Code    10  inv_mpu_dmp_motion_driver.o(.text)
    dmp_register_android_orient_cb           0x08009075   Thumb Code    10  inv_mpu_dmp_motion_driver.o(.text)
    GetRoll                                  0x08009085   Thumb Code   200  virtualdmp.o(.text)
    GetPitch                                 0x0800914d   Thumb Code   200  virtualdmp.o(.text)
    GetYaw                                   0x08009215   Thumb Code   136  virtualdmp.o(.text)
    Kalman_Filter_X                          0x0800929d   Thumb Code   564  virtualdmp.o(.text)
    Kalman_Filter_Y                          0x080094d1   Thumb Code   698  virtualdmp.o(.text)
    Kalman_Filter_Z                          0x0800978b   Thumb Code   710  virtualdmp.o(.text)
    delay_init                               0x08009a5d   Thumb Code    52  delay.o(.text)
    delay_us                                 0x08009a91   Thumb Code    72  delay.o(.text)
    delay_xms                                0x08009ad9   Thumb Code    72  delay.o(.text)
    delay_ms                                 0x08009b21   Thumb Code    56  delay.o(.text)
    _sys_exit                                0x08009b61   Thumb Code     4  usart.o(.text)
    fputc                                    0x08009b65   Thumb Code    22  usart.o(.text)
    uart_init                                0x08009b7b   Thumb Code   164  usart.o(.text)
    USART1_IRQHandler                        0x08009c1f   Thumb Code   122  usart.o(.text)
    Reset_Handler                            0x08009ca9   Thumb Code     8  startup_stm32f40_41xxx.o(.text)
    ADC_IRQHandler                           0x08009cc3   Thumb Code     0  startup_stm32f40_41xxx.o(.text)
    CAN1_RX0_IRQHandler                      0x08009cc3   Thumb Code     0  startup_stm32f40_41xxx.o(.text)
    CAN1_RX1_IRQHandler                      0x08009cc3   Thumb Code     0  startup_stm32f40_41xxx.o(.text)
    CAN1_SCE_IRQHandler                      0x08009cc3   Thumb Code     0  startup_stm32f40_41xxx.o(.text)
    CAN1_TX_IRQHandler                       0x08009cc3   Thumb Code     0  startup_stm32f40_41xxx.o(.text)
    CAN2_RX0_IRQHandler                      0x08009cc3   Thumb Code     0  startup_stm32f40_41xxx.o(.text)
    CAN2_RX1_IRQHandler                      0x08009cc3   Thumb Code     0  startup_stm32f40_41xxx.o(.text)
    CAN2_SCE_IRQHandler                      0x08009cc3   Thumb Code     0  startup_stm32f40_41xxx.o(.text)
    CAN2_TX_IRQHandler                       0x08009cc3   Thumb Code     0  startup_stm32f40_41xxx.o(.text)
    CRYP_IRQHandler                          0x08009cc3   Thumb Code     0  startup_stm32f40_41xxx.o(.text)
    DCMI_IRQHandler                          0x08009cc3   Thumb Code     0  startup_stm32f40_41xxx.o(.text)
    DMA1_Stream0_IRQHandler                  0x08009cc3   Thumb Code     0  startup_stm32f40_41xxx.o(.text)
    DMA1_Stream1_IRQHandler                  0x08009cc3   Thumb Code     0  startup_stm32f40_41xxx.o(.text)
    DMA1_Stream2_IRQHandler                  0x08009cc3   Thumb Code     0  startup_stm32f40_41xxx.o(.text)
    DMA1_Stream3_IRQHandler                  0x08009cc3   Thumb Code     0  startup_stm32f40_41xxx.o(.text)
    DMA1_Stream4_IRQHandler                  0x08009cc3   Thumb Code     0  startup_stm32f40_41xxx.o(.text)
    DMA1_Stream5_IRQHandler                  0x08009cc3   Thumb Code     0  startup_stm32f40_41xxx.o(.text)
    DMA1_Stream6_IRQHandler                  0x08009cc3   Thumb Code     0  startup_stm32f40_41xxx.o(.text)
    DMA1_Stream7_IRQHandler                  0x08009cc3   Thumb Code     0  startup_stm32f40_41xxx.o(.text)
    DMA2_Stream0_IRQHandler                  0x08009cc3   Thumb Code     0  startup_stm32f40_41xxx.o(.text)
    DMA2_Stream1_IRQHandler                  0x08009cc3   Thumb Code     0  startup_stm32f40_41xxx.o(.text)
    DMA2_Stream2_IRQHandler                  0x08009cc3   Thumb Code     0  startup_stm32f40_41xxx.o(.text)
    DMA2_Stream3_IRQHandler                  0x08009cc3   Thumb Code     0  startup_stm32f40_41xxx.o(.text)
    DMA2_Stream4_IRQHandler                  0x08009cc3   Thumb Code     0  startup_stm32f40_41xxx.o(.text)
    DMA2_Stream5_IRQHandler                  0x08009cc3   Thumb Code     0  startup_stm32f40_41xxx.o(.text)
    DMA2_Stream6_IRQHandler                  0x08009cc3   Thumb Code     0  startup_stm32f40_41xxx.o(.text)
    DMA2_Stream7_IRQHandler                  0x08009cc3   Thumb Code     0  startup_stm32f40_41xxx.o(.text)
    ETH_IRQHandler                           0x08009cc3   Thumb Code     0  startup_stm32f40_41xxx.o(.text)
    ETH_WKUP_IRQHandler                      0x08009cc3   Thumb Code     0  startup_stm32f40_41xxx.o(.text)
    EXTI0_IRQHandler                         0x08009cc3   Thumb Code     0  startup_stm32f40_41xxx.o(.text)
    EXTI15_10_IRQHandler                     0x08009cc3   Thumb Code     0  startup_stm32f40_41xxx.o(.text)
    EXTI1_IRQHandler                         0x08009cc3   Thumb Code     0  startup_stm32f40_41xxx.o(.text)
    EXTI2_IRQHandler                         0x08009cc3   Thumb Code     0  startup_stm32f40_41xxx.o(.text)
    EXTI3_IRQHandler                         0x08009cc3   Thumb Code     0  startup_stm32f40_41xxx.o(.text)
    EXTI4_IRQHandler                         0x08009cc3   Thumb Code     0  startup_stm32f40_41xxx.o(.text)
    EXTI9_5_IRQHandler                       0x08009cc3   Thumb Code     0  startup_stm32f40_41xxx.o(.text)
    FLASH_IRQHandler                         0x08009cc3   Thumb Code     0  startup_stm32f40_41xxx.o(.text)
    FPU_IRQHandler                           0x08009cc3   Thumb Code     0  startup_stm32f40_41xxx.o(.text)
    FSMC_IRQHandler                          0x08009cc3   Thumb Code     0  startup_stm32f40_41xxx.o(.text)
    HASH_RNG_IRQHandler                      0x08009cc3   Thumb Code     0  startup_stm32f40_41xxx.o(.text)
    I2C1_ER_IRQHandler                       0x08009cc3   Thumb Code     0  startup_stm32f40_41xxx.o(.text)
    I2C1_EV_IRQHandler                       0x08009cc3   Thumb Code     0  startup_stm32f40_41xxx.o(.text)
    I2C2_ER_IRQHandler                       0x08009cc3   Thumb Code     0  startup_stm32f40_41xxx.o(.text)
    I2C2_EV_IRQHandler                       0x08009cc3   Thumb Code     0  startup_stm32f40_41xxx.o(.text)
    I2C3_ER_IRQHandler                       0x08009cc3   Thumb Code     0  startup_stm32f40_41xxx.o(.text)
    I2C3_EV_IRQHandler                       0x08009cc3   Thumb Code     0  startup_stm32f40_41xxx.o(.text)
    OTG_FS_IRQHandler                        0x08009cc3   Thumb Code     0  startup_stm32f40_41xxx.o(.text)
    OTG_FS_WKUP_IRQHandler                   0x08009cc3   Thumb Code     0  startup_stm32f40_41xxx.o(.text)
    OTG_HS_EP1_IN_IRQHandler                 0x08009cc3   Thumb Code     0  startup_stm32f40_41xxx.o(.text)
    OTG_HS_EP1_OUT_IRQHandler                0x08009cc3   Thumb Code     0  startup_stm32f40_41xxx.o(.text)
    OTG_HS_IRQHandler                        0x08009cc3   Thumb Code     0  startup_stm32f40_41xxx.o(.text)
    OTG_HS_WKUP_IRQHandler                   0x08009cc3   Thumb Code     0  startup_stm32f40_41xxx.o(.text)
    PVD_IRQHandler                           0x08009cc3   Thumb Code     0  startup_stm32f40_41xxx.o(.text)
    RCC_IRQHandler                           0x08009cc3   Thumb Code     0  startup_stm32f40_41xxx.o(.text)
    RTC_Alarm_IRQHandler                     0x08009cc3   Thumb Code     0  startup_stm32f40_41xxx.o(.text)
    RTC_WKUP_IRQHandler                      0x08009cc3   Thumb Code     0  startup_stm32f40_41xxx.o(.text)
    SDIO_IRQHandler                          0x08009cc3   Thumb Code     0  startup_stm32f40_41xxx.o(.text)
    SPI1_IRQHandler                          0x08009cc3   Thumb Code     0  startup_stm32f40_41xxx.o(.text)
    SPI2_IRQHandler                          0x08009cc3   Thumb Code     0  startup_stm32f40_41xxx.o(.text)
    SPI3_IRQHandler                          0x08009cc3   Thumb Code     0  startup_stm32f40_41xxx.o(.text)
    TAMP_STAMP_IRQHandler                    0x08009cc3   Thumb Code     0  startup_stm32f40_41xxx.o(.text)
    TIM1_BRK_TIM9_IRQHandler                 0x08009cc3   Thumb Code     0  startup_stm32f40_41xxx.o(.text)
    TIM1_CC_IRQHandler                       0x08009cc3   Thumb Code     0  startup_stm32f40_41xxx.o(.text)
    TIM1_TRG_COM_TIM11_IRQHandler            0x08009cc3   Thumb Code     0  startup_stm32f40_41xxx.o(.text)
    TIM1_UP_TIM10_IRQHandler                 0x08009cc3   Thumb Code     0  startup_stm32f40_41xxx.o(.text)
    TIM2_IRQHandler                          0x08009cc3   Thumb Code     0  startup_stm32f40_41xxx.o(.text)
    TIM3_IRQHandler                          0x08009cc3   Thumb Code     0  startup_stm32f40_41xxx.o(.text)
    TIM5_IRQHandler                          0x08009cc3   Thumb Code     0  startup_stm32f40_41xxx.o(.text)
    TIM6_DAC_IRQHandler                      0x08009cc3   Thumb Code     0  startup_stm32f40_41xxx.o(.text)
    TIM7_IRQHandler                          0x08009cc3   Thumb Code     0  startup_stm32f40_41xxx.o(.text)
    TIM8_BRK_TIM12_IRQHandler                0x08009cc3   Thumb Code     0  startup_stm32f40_41xxx.o(.text)
    TIM8_CC_IRQHandler                       0x08009cc3   Thumb Code     0  startup_stm32f40_41xxx.o(.text)
    TIM8_TRG_COM_TIM14_IRQHandler            0x08009cc3   Thumb Code     0  startup_stm32f40_41xxx.o(.text)
    TIM8_UP_TIM13_IRQHandler                 0x08009cc3   Thumb Code     0  startup_stm32f40_41xxx.o(.text)
    UART4_IRQHandler                         0x08009cc3   Thumb Code     0  startup_stm32f40_41xxx.o(.text)
    UART5_IRQHandler                         0x08009cc3   Thumb Code     0  startup_stm32f40_41xxx.o(.text)
    USART2_IRQHandler                        0x08009cc3   Thumb Code     0  startup_stm32f40_41xxx.o(.text)
    USART3_IRQHandler                        0x08009cc3   Thumb Code     0  startup_stm32f40_41xxx.o(.text)
    USART6_IRQHandler                        0x08009cc3   Thumb Code     0  startup_stm32f40_41xxx.o(.text)
    WWDG_IRQHandler                          0x08009cc3   Thumb Code     0  startup_stm32f40_41xxx.o(.text)
    __user_initial_stackheap                 0x08009cc5   Thumb Code     0  startup_stm32f40_41xxx.o(.text)
    NVIC_PriorityGroupConfig                 0x08009ce9   Thumb Code    10  misc.o(.text)
    NVIC_Init                                0x08009cf3   Thumb Code   106  misc.o(.text)
    NVIC_SetVectorTable                      0x08009d5d   Thumb Code    14  misc.o(.text)
    NVIC_SystemLPConfig                      0x08009d6b   Thumb Code    34  misc.o(.text)
    SysTick_CLKSourceConfig                  0x08009d8d   Thumb Code    40  misc.o(.text)
    FSMC_NORSRAMDeInit                       0x08009dc9   Thumb Code    54  stm32f4xx_fsmc.o(.text)
    FSMC_NORSRAMInit                         0x08009dff   Thumb Code   230  stm32f4xx_fsmc.o(.text)
    FSMC_NORSRAMStructInit                   0x08009ee5   Thumb Code    48  stm32f4xx_fsmc.o(.text)
    FSMC_NORSRAMCmd                          0x08009f15   Thumb Code    46  stm32f4xx_fsmc.o(.text)
    FSMC_NANDDeInit                          0x08009f43   Thumb Code    62  stm32f4xx_fsmc.o(.text)
    FSMC_NANDInit                            0x08009f81   Thumb Code   132  stm32f4xx_fsmc.o(.text)
    FSMC_NANDStructInit                      0x0800a005   Thumb Code    54  stm32f4xx_fsmc.o(.text)
    FSMC_NANDCmd                             0x0800a03b   Thumb Code    86  stm32f4xx_fsmc.o(.text)
    FSMC_NANDECCCmd                          0x0800a091   Thumb Code    86  stm32f4xx_fsmc.o(.text)
    FSMC_GetECC                              0x0800a0e7   Thumb Code    24  stm32f4xx_fsmc.o(.text)
    FSMC_PCCARDDeInit                        0x0800a0ff   Thumb Code    36  stm32f4xx_fsmc.o(.text)
    FSMC_PCCARDInit                          0x0800a123   Thumb Code   130  stm32f4xx_fsmc.o(.text)
    FSMC_PCCARDStructInit                    0x0800a1a5   Thumb Code    60  stm32f4xx_fsmc.o(.text)
    FSMC_PCCARDCmd                           0x0800a1e1   Thumb Code    44  stm32f4xx_fsmc.o(.text)
    FSMC_ITConfig                            0x0800a20d   Thumb Code   128  stm32f4xx_fsmc.o(.text)
    FSMC_GetFlagStatus                       0x0800a28d   Thumb Code    54  stm32f4xx_fsmc.o(.text)
    FSMC_ClearFlag                           0x0800a2c3   Thumb Code    74  stm32f4xx_fsmc.o(.text)
    FSMC_GetITStatus                         0x0800a30d   Thumb Code    62  stm32f4xx_fsmc.o(.text)
    FSMC_ClearITPendingBit                   0x0800a34b   Thumb Code    66  stm32f4xx_fsmc.o(.text)
    GPIO_DeInit                              0x0800a391   Thumb Code   268  stm32f4xx_gpio.o(.text)
    GPIO_Init                                0x0800a49d   Thumb Code   144  stm32f4xx_gpio.o(.text)
    GPIO_StructInit                          0x0800a52d   Thumb Code    18  stm32f4xx_gpio.o(.text)
    GPIO_PinLockConfig                       0x0800a53f   Thumb Code    34  stm32f4xx_gpio.o(.text)
    GPIO_ReadInputDataBit                    0x0800a561   Thumb Code    18  stm32f4xx_gpio.o(.text)
    GPIO_ReadInputData                       0x0800a573   Thumb Code     8  stm32f4xx_gpio.o(.text)
    GPIO_ReadOutputDataBit                   0x0800a57b   Thumb Code    18  stm32f4xx_gpio.o(.text)
    GPIO_ReadOutputData                      0x0800a58d   Thumb Code     8  stm32f4xx_gpio.o(.text)
    GPIO_SetBits                             0x0800a595   Thumb Code     4  stm32f4xx_gpio.o(.text)
    GPIO_ResetBits                           0x0800a599   Thumb Code     4  stm32f4xx_gpio.o(.text)
    GPIO_WriteBit                            0x0800a59d   Thumb Code    10  stm32f4xx_gpio.o(.text)
    GPIO_Write                               0x0800a5a7   Thumb Code     4  stm32f4xx_gpio.o(.text)
    GPIO_ToggleBits                          0x0800a5ab   Thumb Code     8  stm32f4xx_gpio.o(.text)
    GPIO_PinAFConfig                         0x0800a5b3   Thumb Code    70  stm32f4xx_gpio.o(.text)
    RCC_DeInit                               0x0800a625   Thumb Code    82  stm32f4xx_rcc.o(.text)
    RCC_HSEConfig                            0x0800a677   Thumb Code    14  stm32f4xx_rcc.o(.text)
    RCC_GetFlagStatus                        0x0800a685   Thumb Code    60  stm32f4xx_rcc.o(.text)
    RCC_WaitForHSEStartUp                    0x0800a6c1   Thumb Code    56  stm32f4xx_rcc.o(.text)
    RCC_AdjustHSICalibrationValue            0x0800a6f9   Thumb Code    20  stm32f4xx_rcc.o(.text)
    RCC_HSICmd                               0x0800a70d   Thumb Code     6  stm32f4xx_rcc.o(.text)
    RCC_LSEConfig                            0x0800a713   Thumb Code    46  stm32f4xx_rcc.o(.text)
    RCC_LSICmd                               0x0800a741   Thumb Code     6  stm32f4xx_rcc.o(.text)
    RCC_PLLConfig                            0x0800a747   Thumb Code    32  stm32f4xx_rcc.o(.text)
    RCC_PLLCmd                               0x0800a767   Thumb Code     6  stm32f4xx_rcc.o(.text)
    RCC_PLLI2SConfig                         0x0800a76d   Thumb Code    14  stm32f4xx_rcc.o(.text)
    RCC_PLLI2SCmd                            0x0800a77b   Thumb Code     6  stm32f4xx_rcc.o(.text)
    RCC_PLLSAIConfig                         0x0800a781   Thumb Code    20  stm32f4xx_rcc.o(.text)
    RCC_PLLSAICmd                            0x0800a795   Thumb Code     6  stm32f4xx_rcc.o(.text)
    RCC_ClockSecuritySystemCmd               0x0800a79b   Thumb Code     6  stm32f4xx_rcc.o(.text)
    RCC_MCO1Config                           0x0800a7a1   Thumb Code    28  stm32f4xx_rcc.o(.text)
    RCC_MCO2Config                           0x0800a7bd   Thumb Code    28  stm32f4xx_rcc.o(.text)
    RCC_SYSCLKConfig                         0x0800a7d9   Thumb Code    20  stm32f4xx_rcc.o(.text)
    RCC_GetSYSCLKSource                      0x0800a7ed   Thumb Code    12  stm32f4xx_rcc.o(.text)
    RCC_HCLKConfig                           0x0800a7f9   Thumb Code    20  stm32f4xx_rcc.o(.text)
    RCC_PCLK1Config                          0x0800a80d   Thumb Code    20  stm32f4xx_rcc.o(.text)
    RCC_PCLK2Config                          0x0800a821   Thumb Code    22  stm32f4xx_rcc.o(.text)
    RCC_GetClocksFreq                        0x0800a837   Thumb Code   222  stm32f4xx_rcc.o(.text)
    RCC_RTCCLKConfig                         0x0800a915   Thumb Code    54  stm32f4xx_rcc.o(.text)
    RCC_RTCCLKCmd                            0x0800a94b   Thumb Code     8  stm32f4xx_rcc.o(.text)
    RCC_BackupResetCmd                       0x0800a953   Thumb Code     8  stm32f4xx_rcc.o(.text)
    RCC_I2SCLKConfig                         0x0800a95b   Thumb Code     6  stm32f4xx_rcc.o(.text)
    RCC_SAIPLLI2SClkDivConfig                0x0800a961   Thumb Code    26  stm32f4xx_rcc.o(.text)
    RCC_SAIPLLSAIClkDivConfig                0x0800a97b   Thumb Code    28  stm32f4xx_rcc.o(.text)
    RCC_SAIBlockACLKConfig                   0x0800a997   Thumb Code    20  stm32f4xx_rcc.o(.text)
    RCC_SAIBlockBCLKConfig                   0x0800a9ab   Thumb Code    20  stm32f4xx_rcc.o(.text)
    RCC_LTDCCLKDivConfig                     0x0800a9bf   Thumb Code    20  stm32f4xx_rcc.o(.text)
    RCC_TIMCLKPresConfig                     0x0800a9d3   Thumb Code     6  stm32f4xx_rcc.o(.text)
    RCC_AHB1PeriphClockCmd                   0x0800a9d9   Thumb Code    34  stm32f4xx_rcc.o(.text)
    RCC_AHB2PeriphClockCmd                   0x0800a9fb   Thumb Code    78  stm32f4xx_rcc.o(.text)
    RCC_AHB3PeriphClockCmd                   0x0800aa49   Thumb Code    34  stm32f4xx_rcc.o(.text)
    RCC_APB1PeriphClockCmd                   0x0800aa6b   Thumb Code    34  stm32f4xx_rcc.o(.text)
    RCC_APB2PeriphClockCmd                   0x0800aa8d   Thumb Code    34  stm32f4xx_rcc.o(.text)
    RCC_AHB1PeriphResetCmd                   0x0800aaaf   Thumb Code    34  stm32f4xx_rcc.o(.text)
    RCC_AHB2PeriphResetCmd                   0x0800aad1   Thumb Code    34  stm32f4xx_rcc.o(.text)
    RCC_AHB3PeriphResetCmd                   0x0800aaf3   Thumb Code    34  stm32f4xx_rcc.o(.text)
    RCC_APB1PeriphResetCmd                   0x0800ab15   Thumb Code    34  stm32f4xx_rcc.o(.text)
    RCC_APB2PeriphResetCmd                   0x0800ab37   Thumb Code    34  stm32f4xx_rcc.o(.text)
    RCC_AHB1PeriphClockLPModeCmd             0x0800ab59   Thumb Code    34  stm32f4xx_rcc.o(.text)
    RCC_AHB2PeriphClockLPModeCmd             0x0800ab7b   Thumb Code    34  stm32f4xx_rcc.o(.text)
    RCC_AHB3PeriphClockLPModeCmd             0x0800ab9d   Thumb Code    34  stm32f4xx_rcc.o(.text)
    RCC_APB1PeriphClockLPModeCmd             0x0800abbf   Thumb Code    34  stm32f4xx_rcc.o(.text)
    RCC_APB2PeriphClockLPModeCmd             0x0800abe1   Thumb Code    34  stm32f4xx_rcc.o(.text)
    RCC_LSEModeConfig                        0x0800ac03   Thumb Code    40  stm32f4xx_rcc.o(.text)
    RCC_ITConfig                             0x0800ac2b   Thumb Code    34  stm32f4xx_rcc.o(.text)
    RCC_ClearFlag                            0x0800ac4d   Thumb Code    18  stm32f4xx_rcc.o(.text)
    RCC_GetITStatus                          0x0800ac5f   Thumb Code    22  stm32f4xx_rcc.o(.text)
    RCC_ClearITPendingBit                    0x0800ac75   Thumb Code     8  stm32f4xx_rcc.o(.text)
    USART_DeInit                             0x0800ac81   Thumb Code   206  stm32f4xx_usart.o(.text)
    USART_Init                               0x0800ad4f   Thumb Code   204  stm32f4xx_usart.o(.text)
    USART_StructInit                         0x0800ae1b   Thumb Code    24  stm32f4xx_usart.o(.text)
    USART_ClockInit                          0x0800ae33   Thumb Code    32  stm32f4xx_usart.o(.text)
    USART_ClockStructInit                    0x0800ae53   Thumb Code    12  stm32f4xx_usart.o(.text)
    USART_Cmd                                0x0800ae5f   Thumb Code    24  stm32f4xx_usart.o(.text)
    USART_SetPrescaler                       0x0800ae77   Thumb Code    16  stm32f4xx_usart.o(.text)
    USART_OverSampling8Cmd                   0x0800ae87   Thumb Code    22  stm32f4xx_usart.o(.text)
    USART_OneBitMethodCmd                    0x0800ae9d   Thumb Code    24  stm32f4xx_usart.o(.text)
    USART_SendData                           0x0800aeb5   Thumb Code     8  stm32f4xx_usart.o(.text)
    USART_ReceiveData                        0x0800aebd   Thumb Code    10  stm32f4xx_usart.o(.text)
    USART_SetAddress                         0x0800aec7   Thumb Code    18  stm32f4xx_usart.o(.text)
    USART_ReceiverWakeUpCmd                  0x0800aed9   Thumb Code    24  stm32f4xx_usart.o(.text)
    USART_WakeUpConfig                       0x0800aef1   Thumb Code    18  stm32f4xx_usart.o(.text)
    USART_LINBreakDetectLengthConfig         0x0800af03   Thumb Code    18  stm32f4xx_usart.o(.text)
    USART_LINCmd                             0x0800af15   Thumb Code    24  stm32f4xx_usart.o(.text)
    USART_SendBreak                          0x0800af2d   Thumb Code    10  stm32f4xx_usart.o(.text)
    USART_HalfDuplexCmd                      0x0800af37   Thumb Code    24  stm32f4xx_usart.o(.text)
    USART_SetGuardTime                       0x0800af4f   Thumb Code    16  stm32f4xx_usart.o(.text)
    USART_SmartCardCmd                       0x0800af5f   Thumb Code    24  stm32f4xx_usart.o(.text)
    USART_SmartCardNACKCmd                   0x0800af77   Thumb Code    24  stm32f4xx_usart.o(.text)
    USART_IrDAConfig                         0x0800af8f   Thumb Code    18  stm32f4xx_usart.o(.text)
    USART_IrDACmd                            0x0800afa1   Thumb Code    24  stm32f4xx_usart.o(.text)
    USART_DMACmd                             0x0800afb9   Thumb Code    18  stm32f4xx_usart.o(.text)
    USART_ITConfig                           0x0800afcb   Thumb Code    74  stm32f4xx_usart.o(.text)
    USART_GetFlagStatus                      0x0800b015   Thumb Code    26  stm32f4xx_usart.o(.text)
    USART_ClearFlag                          0x0800b02f   Thumb Code    18  stm32f4xx_usart.o(.text)
    USART_GetITStatus                        0x0800b041   Thumb Code   118  stm32f4xx_usart.o(.text)
    USART_ClearITPendingBit                  0x0800b0b7   Thumb Code    30  stm32f4xx_usart.o(.text)
    TIM_DeInit                               0x0800b0d5   Thumb Code   346  stm32f4xx_tim.o(.text)
    TIM_TimeBaseInit                         0x0800b22f   Thumb Code   104  stm32f4xx_tim.o(.text)
    TIM_TimeBaseStructInit                   0x0800b297   Thumb Code    18  stm32f4xx_tim.o(.text)
    TIM_PrescalerConfig                      0x0800b2a9   Thumb Code     6  stm32f4xx_tim.o(.text)
    TIM_CounterModeConfig                    0x0800b2af   Thumb Code    18  stm32f4xx_tim.o(.text)
    TIM_SetCounter                           0x0800b2c1   Thumb Code     4  stm32f4xx_tim.o(.text)
    TIM_SetAutoreload                        0x0800b2c5   Thumb Code     4  stm32f4xx_tim.o(.text)
    TIM_GetCounter                           0x0800b2c9   Thumb Code     6  stm32f4xx_tim.o(.text)
    TIM_GetPrescaler                         0x0800b2cf   Thumb Code     6  stm32f4xx_tim.o(.text)
    TIM_UpdateDisableConfig                  0x0800b2d5   Thumb Code    24  stm32f4xx_tim.o(.text)
    TIM_UpdateRequestConfig                  0x0800b2ed   Thumb Code    24  stm32f4xx_tim.o(.text)
    TIM_ARRPreloadConfig                     0x0800b305   Thumb Code    24  stm32f4xx_tim.o(.text)
    TIM_SelectOnePulseMode                   0x0800b31d   Thumb Code    18  stm32f4xx_tim.o(.text)
    TIM_SetClockDivision                     0x0800b32f   Thumb Code    18  stm32f4xx_tim.o(.text)
    TIM_Cmd                                  0x0800b341   Thumb Code    24  stm32f4xx_tim.o(.text)
    TIM_OC1Init                              0x0800b359   Thumb Code   114  stm32f4xx_tim.o(.text)
    TIM_OC2Init                              0x0800b3cb   Thumb Code   154  stm32f4xx_tim.o(.text)
    TIM_OC3Init                              0x0800b465   Thumb Code   204  stm32f4xx_tim.o(.text)
    TIM_OC4Init                              0x0800b531   Thumb Code   112  stm32f4xx_tim.o(.text)
    TIM_OCStructInit                         0x0800b5a1   Thumb Code    20  stm32f4xx_tim.o(.text)
    TIM_SelectOCxM                           0x0800b5b5   Thumb Code    86  stm32f4xx_tim.o(.text)
    TIM_SetCompare1                          0x0800b60b   Thumb Code     4  stm32f4xx_tim.o(.text)
    TIM_SetCompare2                          0x0800b60f   Thumb Code     4  stm32f4xx_tim.o(.text)
    TIM_SetCompare3                          0x0800b613   Thumb Code     4  stm32f4xx_tim.o(.text)
    TIM_SetCompare4                          0x0800b617   Thumb Code     4  stm32f4xx_tim.o(.text)
    TIM_ForcedOC1Config                      0x0800b61b   Thumb Code    18  stm32f4xx_tim.o(.text)
    TIM_ForcedOC2Config                      0x0800b62d   Thumb Code    26  stm32f4xx_tim.o(.text)
    TIM_ForcedOC3Config                      0x0800b647   Thumb Code    18  stm32f4xx_tim.o(.text)
    TIM_ForcedOC4Config                      0x0800b659   Thumb Code    26  stm32f4xx_tim.o(.text)
    TIM_OC1PreloadConfig                     0x0800b673   Thumb Code    18  stm32f4xx_tim.o(.text)
    TIM_OC2PreloadConfig                     0x0800b685   Thumb Code    26  stm32f4xx_tim.o(.text)
    TIM_OC3PreloadConfig                     0x0800b69f   Thumb Code    18  stm32f4xx_tim.o(.text)
    TIM_OC4PreloadConfig                     0x0800b6b1   Thumb Code    26  stm32f4xx_tim.o(.text)
    TIM_OC1FastConfig                        0x0800b6cb   Thumb Code    18  stm32f4xx_tim.o(.text)
    TIM_OC2FastConfig                        0x0800b6dd   Thumb Code    26  stm32f4xx_tim.o(.text)
    TIM_OC3FastConfig                        0x0800b6f7   Thumb Code    18  stm32f4xx_tim.o(.text)
    TIM_OC4FastConfig                        0x0800b709   Thumb Code    26  stm32f4xx_tim.o(.text)
    TIM_ClearOC1Ref                          0x0800b723   Thumb Code    18  stm32f4xx_tim.o(.text)
    TIM_ClearOC2Ref                          0x0800b735   Thumb Code    24  stm32f4xx_tim.o(.text)
    TIM_ClearOC3Ref                          0x0800b74d   Thumb Code    18  stm32f4xx_tim.o(.text)
    TIM_ClearOC4Ref                          0x0800b75f   Thumb Code    24  stm32f4xx_tim.o(.text)
    TIM_OC1PolarityConfig                    0x0800b777   Thumb Code    18  stm32f4xx_tim.o(.text)
    TIM_OC1NPolarityConfig                   0x0800b789   Thumb Code    18  stm32f4xx_tim.o(.text)
    TIM_OC2PolarityConfig                    0x0800b79b   Thumb Code    26  stm32f4xx_tim.o(.text)
    TIM_OC2NPolarityConfig                   0x0800b7b5   Thumb Code    26  stm32f4xx_tim.o(.text)
    TIM_OC3PolarityConfig                    0x0800b7cf   Thumb Code    26  stm32f4xx_tim.o(.text)
    TIM_OC3NPolarityConfig                   0x0800b7e9   Thumb Code    26  stm32f4xx_tim.o(.text)
    TIM_OC4PolarityConfig                    0x0800b803   Thumb Code    26  stm32f4xx_tim.o(.text)
    TIM_CCxCmd                               0x0800b81d   Thumb Code    30  stm32f4xx_tim.o(.text)
    TIM_CCxNCmd                              0x0800b83b   Thumb Code    30  stm32f4xx_tim.o(.text)
    TIM_SetIC4Prescaler                      0x0800b859   Thumb Code    26  stm32f4xx_tim.o(.text)
    TIM_SetIC3Prescaler                      0x0800b8c3   Thumb Code    18  stm32f4xx_tim.o(.text)
    TIM_SetIC2Prescaler                      0x0800b91d   Thumb Code    26  stm32f4xx_tim.o(.text)
    TIM_SetIC1Prescaler                      0x0800b991   Thumb Code    18  stm32f4xx_tim.o(.text)
    TIM_ICInit                               0x0800b9dd   Thumb Code   110  stm32f4xx_tim.o(.text)
    TIM_ICStructInit                         0x0800ba4b   Thumb Code    18  stm32f4xx_tim.o(.text)
    TIM_PWMIConfig                           0x0800ba5d   Thumb Code   124  stm32f4xx_tim.o(.text)
    TIM_GetCapture1                          0x0800bad9   Thumb Code     6  stm32f4xx_tim.o(.text)
    TIM_GetCapture2                          0x0800badf   Thumb Code     6  stm32f4xx_tim.o(.text)
    TIM_GetCapture3                          0x0800bae5   Thumb Code     6  stm32f4xx_tim.o(.text)
    TIM_GetCapture4                          0x0800baeb   Thumb Code     6  stm32f4xx_tim.o(.text)
    TIM_BDTRConfig                           0x0800baf1   Thumb Code    32  stm32f4xx_tim.o(.text)
    TIM_BDTRStructInit                       0x0800bb11   Thumb Code    18  stm32f4xx_tim.o(.text)
    TIM_CtrlPWMOutputs                       0x0800bb23   Thumb Code    30  stm32f4xx_tim.o(.text)
    TIM_SelectCOM                            0x0800bb41   Thumb Code    24  stm32f4xx_tim.o(.text)
    TIM_CCPreloadControl                     0x0800bb59   Thumb Code    24  stm32f4xx_tim.o(.text)
    TIM_ITConfig                             0x0800bb71   Thumb Code    18  stm32f4xx_tim.o(.text)
    TIM_GenerateEvent                        0x0800bb83   Thumb Code     4  stm32f4xx_tim.o(.text)
    TIM_GetFlagStatus                        0x0800bb87   Thumb Code    18  stm32f4xx_tim.o(.text)
    TIM_ClearFlag                            0x0800bb99   Thumb Code     6  stm32f4xx_tim.o(.text)
    TIM_GetITStatus                          0x0800bb9f   Thumb Code    34  stm32f4xx_tim.o(.text)
    TIM_ClearITPendingBit                    0x0800bbc1   Thumb Code     6  stm32f4xx_tim.o(.text)
    TIM_DMAConfig                            0x0800bbc7   Thumb Code    10  stm32f4xx_tim.o(.text)
    TIM_DMACmd                               0x0800bbd1   Thumb Code    18  stm32f4xx_tim.o(.text)
    TIM_SelectCCDMA                          0x0800bbe3   Thumb Code    24  stm32f4xx_tim.o(.text)
    TIM_InternalClockConfig                  0x0800bbfb   Thumb Code    12  stm32f4xx_tim.o(.text)
    TIM_SelectInputTrigger                   0x0800bc07   Thumb Code    18  stm32f4xx_tim.o(.text)
    TIM_ITRxExternalClockConfig              0x0800bc19   Thumb Code    24  stm32f4xx_tim.o(.text)
    TIM_TIxExternalClockConfig               0x0800bc31   Thumb Code    62  stm32f4xx_tim.o(.text)
    TIM_ETRConfig                            0x0800bc6f   Thumb Code    28  stm32f4xx_tim.o(.text)
    TIM_ETRClockMode1Config                  0x0800bc8b   Thumb Code    54  stm32f4xx_tim.o(.text)
    TIM_ETRClockMode2Config                  0x0800bcc1   Thumb Code    32  stm32f4xx_tim.o(.text)
    TIM_SelectOutputTrigger                  0x0800bce1   Thumb Code    18  stm32f4xx_tim.o(.text)
    TIM_SelectSlaveMode                      0x0800bcf3   Thumb Code    18  stm32f4xx_tim.o(.text)
    TIM_SelectMasterSlaveMode                0x0800bd05   Thumb Code    18  stm32f4xx_tim.o(.text)
    TIM_EncoderInterfaceConfig               0x0800bd17   Thumb Code    66  stm32f4xx_tim.o(.text)
    TIM_SelectHallSensor                     0x0800bd59   Thumb Code    24  stm32f4xx_tim.o(.text)
    TIM_RemapConfig                          0x0800bd71   Thumb Code     6  stm32f4xx_tim.o(.text)
    usmart_sys_cmd_exe                       0x0800bd79   Thumb Code  1554  usmart.o(.text)
    usmart_reset_runtime                     0x0800c38b   Thumb Code    38  usmart.o(.text)
    usmart_get_runtime                       0x0800c3b1   Thumb Code    60  usmart.o(.text)
    TIM4_IRQHandler                          0x0800c3ed   Thumb Code    46  usmart.o(.text)
    Timer4_Init                              0x0800c41b   Thumb Code    86  usmart.o(.text)
    usmart_init                              0x0800c471   Thumb Code    36  usmart.o(.text)
    usmart_cmd_rec                           0x0800c495   Thumb Code   170  usmart.o(.text)
    usmart_exe                               0x0800c53f   Thumb Code   868  usmart.o(.text)
    usmart_scan                              0x0800c8a3   Thumb Code   120  usmart.o(.text)
    read_addr                                0x0800c91b   Thumb Code     6  usmart.o(.text)
    write_addr                               0x0800c921   Thumb Code     4  usmart.o(.text)
    usmart_strcmp                            0x0800c9ad   Thumb Code    34  usmart_str.o(.text)
    usmart_strcopy                           0x0800c9cf   Thumb Code    22  usmart_str.o(.text)
    usmart_strlen                            0x0800c9e5   Thumb Code    24  usmart_str.o(.text)
    usmart_pow                               0x0800c9fd   Thumb Code    22  usmart_str.o(.text)
    usmart_str2num                           0x0800ca13   Thumb Code   202  usmart_str.o(.text)
    usmart_get_cmdname                       0x0800cadd   Thumb Code    54  usmart_str.o(.text)
    usmart_search_nextc                      0x0800cb13   Thumb Code    22  usmart_str.o(.text)
    usmart_get_fname                         0x0800cb29   Thumb Code   440  usmart_str.o(.text)
    usmart_get_aparm                         0x0800cce1   Thumb Code   200  usmart_str.o(.text)
    usmart_get_parmpos                       0x0800cda9   Thumb Code    26  usmart_str.o(.text)
    usmart_get_fparam                        0x0800cdc3   Thumb Code   262  usmart_str.o(.text)
    __use_no_semihosting                     0x0800ced5   Thumb Code     2  use_no_semi_2.o(.text)
    __aeabi_ldivmod                          0x0800ced7   Thumb Code     0  llsdiv.o(.text)
    _ll_sdiv                                 0x0800ced7   Thumb Code    72  llsdiv.o(.text)
    __2printf                                0x0800cf21   Thumb Code    20  noretval__2printf.o(.text)
    _printf_pre_padding                      0x0800cf39   Thumb Code    44  _printf_pad.o(.text)
    _printf_post_padding                     0x0800cf65   Thumb Code    34  _printf_pad.o(.text)
    _printf_str                              0x0800cf87   Thumb Code    82  _printf_str.o(.text)
    _printf_int_dec                          0x0800cfd9   Thumb Code   104  _printf_dec.o(.text)
    _printf_int_hex                          0x0800d051   Thumb Code    84  _printf_hex_int.o(.text)
    _printf_longlong_hex                     0x0800d051   Thumb Code     0  _printf_hex_int.o(.text)
    __printf                                 0x0800d0a9   Thumb Code   388  __printf_flags_ss_wp.o(.text)
    memcmp                                   0x0800d231   Thumb Code    88  memcmp.o(.text)
    __aeabi_memset                           0x0800d289   Thumb Code    16  aeabi_memset.o(.text)
    __use_two_region_memory                  0x0800d299   Thumb Code     2  heapauxi.o(.text)
    __rt_heap_escrow$2region                 0x0800d29b   Thumb Code     2  heapauxi.o(.text)
    __rt_heap_expand$2region                 0x0800d29d   Thumb Code     2  heapauxi.o(.text)
    __I$use$semihosting                      0x0800d29f   Thumb Code     0  use_no_semi.o(.text)
    __use_no_semihosting_swi                 0x0800d29f   Thumb Code     2  use_no_semi.o(.text)
    __aeabi_uldivmod                         0x0800d2a1   Thumb Code     0  lludivv7m.o(.text)
    _ll_udiv                                 0x0800d2a1   Thumb Code   238  lludivv7m.o(.text)
    __read_errno                             0x0800d38f   Thumb Code    10  _rserrno.o(.text)
    __set_errno                              0x0800d399   Thumb Code    12  _rserrno.o(.text)
    _printf_int_common                       0x0800d3a5   Thumb Code   178  _printf_intcommon.o(.text)
    __lib_sel_fp_printf                      0x0800d457   Thumb Code     2  _printf_fp_dec.o(.text)
    _printf_fp_dec_real                      0x0800d605   Thumb Code   620  _printf_fp_dec.o(.text)
    _printf_cs_common                        0x0800d871   Thumb Code    20  _printf_char.o(.text)
    _printf_char                             0x0800d885   Thumb Code    16  _printf_char.o(.text)
    _printf_string                           0x0800d895   Thumb Code     8  _printf_char.o(.text)
    _printf_char_file                        0x0800d89d   Thumb Code    32  _printf_char_file.o(.text)
    __aeabi_memclr                           0x0800d8c1   Thumb Code     0  rt_memclr.o(.text)
    __rt_memclr                              0x0800d8c1   Thumb Code    68  rt_memclr.o(.text)
    _memset                                  0x0800d8c5   Thumb Code     0  rt_memclr.o(.text)
    __rt_locale                              0x0800d905   Thumb Code     8  rt_locale_intlibspace.o(.text)
    __aeabi_errno_addr                       0x0800d90d   Thumb Code     8  rt_errno_addr_intlibspace.o(.text)
    __errno$intlibspace                      0x0800d90d   Thumb Code     0  rt_errno_addr_intlibspace.o(.text)
    __rt_errno_addr$intlibspace              0x0800d90d   Thumb Code     0  rt_errno_addr_intlibspace.o(.text)
    _ll_udiv10                               0x0800d915   Thumb Code   138  lludiv10.o(.text)
    _printf_char_common                      0x0800d9ab   Thumb Code    32  _printf_char_common.o(.text)
    _printf_fp_infnan                        0x0800d9d1   Thumb Code   112  _printf_fp_infnan.o(.text)
    _btod_etento                             0x0800da51   Thumb Code   216  bigflt0.o(.text)
    ferror                                   0x0800db2d   Thumb Code     8  ferror.o(.text)
    __aeabi_memclr4                          0x0800db35   Thumb Code     0  rt_memclr_w.o(.text)
    __aeabi_memclr8                          0x0800db35   Thumb Code     0  rt_memclr_w.o(.text)
    __rt_memclr_w                            0x0800db35   Thumb Code    78  rt_memclr_w.o(.text)
    _memset_w                                0x0800db39   Thumb Code     0  rt_memclr_w.o(.text)
    __user_libspace                          0x0800db85   Thumb Code     8  libspace.o(.text)
    __user_perproc_libspace                  0x0800db85   Thumb Code     0  libspace.o(.text)
    __user_perthread_libspace                0x0800db85   Thumb Code     0  libspace.o(.text)
    __user_setup_stackheap                   0x0800db8d   Thumb Code    74  sys_stackheap_outer.o(.text)
    exit                                     0x0800dbd7   Thumb Code    12  exit.o(.text)
    strcmp                                   0x0800dbe5   Thumb Code   128  strcmpv7m.o(.text)
    _btod_d2e                                0x0800dc65   Thumb Code    62  btod.o(CL$$btod_d2e)
    _d2e_denorm_low                          0x0800dca3   Thumb Code    70  btod.o(CL$$btod_d2e_denorm_low)
    _d2e_norm_op1                            0x0800dce9   Thumb Code    96  btod.o(CL$$btod_d2e_norm_op1)
    __btod_div_common                        0x0800dd49   Thumb Code   696  btod.o(CL$$btod_div_common)
    _e2e                                     0x0800e081   Thumb Code   198  btod.o(CL$$btod_e2e)
    _btod_ediv                               0x0800e147   Thumb Code    40  btod.o(CL$$btod_ediv)
    _btod_emul                               0x0800e16f   Thumb Code    40  btod.o(CL$$btod_emul)
    __btod_mult_common                       0x0800e197   Thumb Code   580  btod.o(CL$$btod_mult_common)
    __ARM_fpclassify                         0x0800e3db   Thumb Code    48  fpclassify.o(i.__ARM_fpclassify)
    __hardfp_acos                            0x0800e411   Thumb Code   738  acos.o(i.__hardfp_acos)
    __hardfp_asin                            0x0800e769   Thumb Code   770  asin.o(i.__hardfp_asin)
    __hardfp_atan                            0x0800eac9   Thumb Code   622  atan.o(i.__hardfp_atan)
    __hardfp_atan2                           0x0800eda1   Thumb Code   432  atan2.o(i.__hardfp_atan2)
    __hardfp_sqrt                            0x0800ef91   Thumb Code   122  sqrt.o(i.__hardfp_sqrt)
    __kernel_poly                            0x0800f00b   Thumb Code   248  poly.o(i.__kernel_poly)
    __mathlib_dbl_infnan                     0x0800f103   Thumb Code    20  dunder.o(i.__mathlib_dbl_infnan)
    __mathlib_dbl_infnan2                    0x0800f117   Thumb Code    20  dunder.o(i.__mathlib_dbl_infnan2)
    __mathlib_dbl_invalid                    0x0800f131   Thumb Code    24  dunder.o(i.__mathlib_dbl_invalid)
    __mathlib_dbl_underflow                  0x0800f151   Thumb Code    24  dunder.o(i.__mathlib_dbl_underflow)
    _is_digit                                0x0800f171   Thumb Code    14  __printf_wp.o(i._is_digit)
    atan                                     0x0800f17f   Thumb Code    16  atan.o(i.atan)
    fabs                                     0x0800f18f   Thumb Code    24  fabs.o(i.fabs)
    sqrt                                     0x0800f1a7   Thumb Code   110  sqrt.o(i.sqrt)
    _get_lc_numeric                          0x0800f215   Thumb Code    44  lc_numeric_c.o(locale$$code)
    __aeabi_dneg                             0x0800f241   Thumb Code     0  basic.o(x$fpl$basic)
    _dneg                                    0x0800f241   Thumb Code     6  basic.o(x$fpl$basic)
    __aeabi_fneg                             0x0800f247   Thumb Code     0  basic.o(x$fpl$basic)
    _fneg                                    0x0800f247   Thumb Code     6  basic.o(x$fpl$basic)
    _dabs                                    0x0800f24d   Thumb Code     6  basic.o(x$fpl$basic)
    _fabs                                    0x0800f253   Thumb Code     6  basic.o(x$fpl$basic)
    __aeabi_d2f                              0x0800f259   Thumb Code     0  d2f.o(x$fpl$d2f)
    _d2f                                     0x0800f259   Thumb Code    98  d2f.o(x$fpl$d2f)
    __aeabi_dadd                             0x0800f2bd   Thumb Code     0  daddsub_clz.o(x$fpl$dadd)
    _dadd                                    0x0800f2bd   Thumb Code   332  daddsub_clz.o(x$fpl$dadd)
    __aeabi_ddiv                             0x0800f40d   Thumb Code     0  ddiv.o(x$fpl$ddiv)
    _ddiv                                    0x0800f40d   Thumb Code   552  ddiv.o(x$fpl$ddiv)
    __aeabi_d2uiz                            0x0800f6bd   Thumb Code     0  dfixu.o(x$fpl$dfixu)
    _dfixu                                   0x0800f6bd   Thumb Code    90  dfixu.o(x$fpl$dfixu)
    __aeabi_i2d                              0x0800f717   Thumb Code     0  dflt_clz.o(x$fpl$dflt)
    _dflt                                    0x0800f717   Thumb Code    46  dflt_clz.o(x$fpl$dflt)
    __aeabi_ui2d                             0x0800f745   Thumb Code     0  dflt_clz.o(x$fpl$dfltu)
    _dfltu                                   0x0800f745   Thumb Code    38  dflt_clz.o(x$fpl$dfltu)
    __aeabi_dmul                             0x0800f76d   Thumb Code     0  dmul.o(x$fpl$dmul)
    _dmul                                    0x0800f76d   Thumb Code   332  dmul.o(x$fpl$dmul)
    __fpl_dnaninf                            0x0800f8c1   Thumb Code   156  dnaninf.o(x$fpl$dnaninf)
    __fpl_dretinf                            0x0800f95d   Thumb Code    12  dretinf.o(x$fpl$dretinf)
    __aeabi_drsub                            0x0800f969   Thumb Code     0  daddsub_clz.o(x$fpl$drsb)
    _drsb                                    0x0800f969   Thumb Code    22  daddsub_clz.o(x$fpl$drsb)
    _dsqrt                                   0x0800f981   Thumb Code   404  dsqrt_umaal.o(x$fpl$dsqrt)
    __aeabi_dsub                             0x0800fb19   Thumb Code     0  daddsub_clz.o(x$fpl$dsub)
    _dsub                                    0x0800fb19   Thumb Code   464  daddsub_clz.o(x$fpl$dsub)
    __aeabi_f2d                              0x0800fced   Thumb Code     0  f2d.o(x$fpl$f2d)
    _f2d                                     0x0800fced   Thumb Code    86  f2d.o(x$fpl$f2d)
    __fpl_fnaninf                            0x0800fd43   Thumb Code   140  fnaninf.o(x$fpl$fnaninf)
    _fp_init                                 0x0800fdcf   Thumb Code    10  fpinit.o(x$fpl$fpinit)
    __fplib_config_fpu_vfp                   0x0800fdd7   Thumb Code     0  fpinit.o(x$fpl$fpinit)
    __fplib_config_pureend_doubles           0x0800fdd7   Thumb Code     0  fpinit.o(x$fpl$fpinit)
    __fpl_fretinf                            0x0800fdd9   Thumb Code    10  fretinf.o(x$fpl$fretinf)
    _printf_fp_dec                           0x0800fde3   Thumb Code     4  printf1.o(x$fpl$printf1)
    __I$use$fp                               0x0800fde6   Number         0  usenofp.o(x$fpl$usenofp)
    asc2_1206                                0x0800fde6   Data        1140  lcd.o(.constdata)
    asc2_1608                                0x0801025a   Data        1520  lcd.o(.constdata)
    asc2_2412                                0x0801084a   Data        3420  lcd.o(.constdata)
    reg                                      0x080115a8   Data          27  inv_mpu.o(.constdata)
    hw                                       0x080115c4   Data          12  inv_mpu.o(.constdata)
    test                                     0x080115d0   Data          40  inv_mpu.o(.constdata)
    FSMC_DefaultTimingStruct                 0x080121f0   Data          28  stm32f4xx_fsmc.o(.constdata)
    __mathlib_zero                           0x08012380   Data           8  qnan.o(.constdata)
    Region$$Table$$Base                      0x08012560   Number         0  anon$$obj.o(Region$$Table)
    Region$$Table$$Limit                     0x08012580   Number         0  anon$$obj.o(Region$$Table)
    SystemCoreClock                          0x20000000   Data           4  system_stm32f4xx.o(.data)
    AHBPrescTable                            0x20000004   Data          16  system_stm32f4xx.o(.data)
    POINT_COLOR                              0x20000016   Data           2  lcd.o(.data)
    BACK_COLOR                               0x20000018   Data           2  lcd.o(.data)
    Yaw                                      0x20000054   Data           4  virtualdmp.o(.data)
    acceleration                             0x20000058   Data           4  virtualdmp.o(.data)
    gyroz_last                               0x2000005c   Data           4  virtualdmp.o(.data)
    t                                        0x20000060   Data           4  virtualdmp.o(.data)
    Q_accex                                  0x20000068   Data           4  virtualdmp.o(.data)
    Q_gyrox                                  0x2000006c   Data           4  virtualdmp.o(.data)
    R_anglex                                 0x20000070   Data           4  virtualdmp.o(.data)
    H_0x                                     0x20000074   Data           4  virtualdmp.o(.data)
    angle_errorx                             0x20000088   Data           4  virtualdmp.o(.data)
    gyro_biasx                               0x2000008c   Data           4  virtualdmp.o(.data)
    angle_x                                  0x20000090   Data           4  virtualdmp.o(.data)
    rotate_x                                 0x20000094   Data           4  virtualdmp.o(.data)
    PHt_0                                    0x20000098   Data           4  virtualdmp.o(.data)
    PHt_1                                    0x2000009c   Data           4  virtualdmp.o(.data)
    E                                        0x200000a0   Data           4  virtualdmp.o(.data)
    K_0                                      0x200000a4   Data           4  virtualdmp.o(.data)
    K_1                                      0x200000a8   Data           4  virtualdmp.o(.data)
    Y_0                                      0x200000ac   Data           4  virtualdmp.o(.data)
    Y_1                                      0x200000b0   Data           4  virtualdmp.o(.data)
    Q_accey                                  0x200000b4   Data           4  virtualdmp.o(.data)
    Q_gyroy                                  0x200000b8   Data           4  virtualdmp.o(.data)
    R_angley                                 0x200000bc   Data           4  virtualdmp.o(.data)
    H_0y                                     0x200000c0   Data           4  virtualdmp.o(.data)
    angle_errory                             0x200000d4   Data           4  virtualdmp.o(.data)
    gyro_biasy                               0x200000d8   Data           4  virtualdmp.o(.data)
    angle_y                                  0x200000dc   Data           4  virtualdmp.o(.data)
    rotate_y                                 0x200000e0   Data           4  virtualdmp.o(.data)
    PHt_0y                                   0x200000e4   Data           4  virtualdmp.o(.data)
    PHt_1y                                   0x200000e8   Data           4  virtualdmp.o(.data)
    Ey                                       0x200000ec   Data           4  virtualdmp.o(.data)
    K_0y                                     0x200000f0   Data           4  virtualdmp.o(.data)
    K_1y                                     0x200000f4   Data           4  virtualdmp.o(.data)
    Y_0y                                     0x200000f8   Data           4  virtualdmp.o(.data)
    Y_1y                                     0x200000fc   Data           4  virtualdmp.o(.data)
    Q_accez                                  0x20000100   Data           4  virtualdmp.o(.data)
    Q_gyroz                                  0x20000104   Data           4  virtualdmp.o(.data)
    R_anglez                                 0x20000108   Data           4  virtualdmp.o(.data)
    H_0z                                     0x2000010c   Data           4  virtualdmp.o(.data)
    angle_errorz                             0x20000120   Data           4  virtualdmp.o(.data)
    gyro_biasz                               0x20000124   Data           4  virtualdmp.o(.data)
    angle_z                                  0x20000128   Data           4  virtualdmp.o(.data)
    rotate_z                                 0x2000012c   Data           4  virtualdmp.o(.data)
    PHt_0z                                   0x20000130   Data           4  virtualdmp.o(.data)
    PHt_1z                                   0x20000134   Data           4  virtualdmp.o(.data)
    Ez                                       0x20000138   Data           4  virtualdmp.o(.data)
    K_0z                                     0x2000013c   Data           4  virtualdmp.o(.data)
    K_1z                                     0x20000140   Data           4  virtualdmp.o(.data)
    Y_0z                                     0x20000144   Data           4  virtualdmp.o(.data)
    Y_1z                                     0x20000148   Data           4  virtualdmp.o(.data)
    __stdout                                 0x20000150   Data           4  usart.o(.data)
    USART_RX_STA                             0x20000154   Data           2  usart.o(.data)
    sys_cmd_tab                              0x20000168   Data          28  usmart.o(.data)
    usmart_nametab                           0x20000184   Data          56  usmart_config.o(.data)
    usmart_dev                               0x200001bc   Data         244  usmart_config.o(.data)
    lcddev                                   0x200002b0   Data          14  lcd.o(.bss)
    Pdotx                                    0x200002d0   Data          16  virtualdmp.o(.bss)
    Pdoty                                    0x200002e0   Data          16  virtualdmp.o(.bss)
    Pdotz                                    0x200002f0   Data          16  virtualdmp.o(.bss)
    USART_RX_BUF                             0x20000300   Data         200  usart.o(.bss)
    __libspace_start                         0x200003c8   Data          96  libspace.o(.bss)
    __temporary_stack_top$libspace           0x20000428   Data           0  libspace.o(.bss)



==============================================================================

Memory Map of the image

  Image Entry point : 0x08000189

  Load Region LR_IROM1 (Base: 0x08000000, Size: 0x0001284c, Max: 0x00100000, ABSOLUTE, COMPRESSED[0x00012650])

    Execution Region ER_IROM1 (Base: 0x08000000, Size: 0x0001259c, Max: 0x00100000, ABSOLUTE)

    Base Addr    Size         Type   Attr      Idx    E Section Name        Object

    0x08000000   0x00000188   Data   RO          532    RESET               startup_stm32f40_41xxx.o
    0x08000188   0x00000008   Code   RO          826  * !!!main             c_w.l(__main.o)
    0x08000190   0x00000034   Code   RO         1199    !!!scatter          c_w.l(__scatter.o)
    0x080001c4   0x0000005a   Code   RO         1197    !!dczerorl2         c_w.l(__dczerorl2.o)
    0x0800021e   0x00000002   PAD
    0x08000220   0x0000001c   Code   RO         1201    !!handler_zi        c_w.l(__scatter_zi.o)
    0x0800023c   0x00000000   Code   RO          819    .ARM.Collect$$_printf_percent$$00000000  c_w.l(_printf_percent.o)
    0x0800023c   0x00000006   Code   RO          818    .ARM.Collect$$_printf_percent$$00000003  c_w.l(_printf_f.o)
    0x08000242   0x00000006   Code   RO          816    .ARM.Collect$$_printf_percent$$00000009  c_w.l(_printf_d.o)
    0x08000248   0x00000006   Code   RO          817    .ARM.Collect$$_printf_percent$$0000000A  c_w.l(_printf_u.o)
    0x0800024e   0x00000006   Code   RO          815    .ARM.Collect$$_printf_percent$$0000000C  c_w.l(_printf_x.o)
    0x08000254   0x00000006   Code   RO          813    .ARM.Collect$$_printf_percent$$00000013  c_w.l(_printf_c.o)
    0x0800025a   0x00000006   Code   RO          814    .ARM.Collect$$_printf_percent$$00000014  c_w.l(_printf_s.o)
    0x08000260   0x00000004   Code   RO          923    .ARM.Collect$$_printf_percent$$00000017  c_w.l(_printf_percent_end.o)
    0x08000264   0x00000002   Code   RO         1071    .ARM.Collect$$libinit$$00000000  c_w.l(libinit.o)
    0x08000266   0x00000004   Code   RO         1072    .ARM.Collect$$libinit$$00000001  c_w.l(libinit2.o)
    0x0800026a   0x00000000   Code   RO         1075    .ARM.Collect$$libinit$$00000004  c_w.l(libinit2.o)
    0x0800026a   0x00000000   Code   RO         1078    .ARM.Collect$$libinit$$0000000A  c_w.l(libinit2.o)
    0x0800026a   0x00000000   Code   RO         1080    .ARM.Collect$$libinit$$0000000C  c_w.l(libinit2.o)
    0x0800026a   0x00000000   Code   RO         1082    .ARM.Collect$$libinit$$0000000E  c_w.l(libinit2.o)
    0x0800026a   0x00000006   Code   RO         1083    .ARM.Collect$$libinit$$0000000F  c_w.l(libinit2.o)
    0x08000270   0x00000000   Code   RO         1085    .ARM.Collect$$libinit$$00000011  c_w.l(libinit2.o)
    0x08000270   0x00000000   Code   RO         1087    .ARM.Collect$$libinit$$00000013  c_w.l(libinit2.o)
    0x08000270   0x00000000   Code   RO         1089    .ARM.Collect$$libinit$$00000015  c_w.l(libinit2.o)
    0x08000270   0x0000000a   Code   RO         1090    .ARM.Collect$$libinit$$00000016  c_w.l(libinit2.o)
    0x0800027a   0x00000000   Code   RO         1091    .ARM.Collect$$libinit$$00000017  c_w.l(libinit2.o)
    0x0800027a   0x00000000   Code   RO         1093    .ARM.Collect$$libinit$$00000019  c_w.l(libinit2.o)
    0x0800027a   0x00000000   Code   RO         1095    .ARM.Collect$$libinit$$0000001B  c_w.l(libinit2.o)
    0x0800027a   0x00000000   Code   RO         1097    .ARM.Collect$$libinit$$0000001D  c_w.l(libinit2.o)
    0x0800027a   0x00000000   Code   RO         1099    .ARM.Collect$$libinit$$0000001F  c_w.l(libinit2.o)
    0x0800027a   0x00000000   Code   RO         1101    .ARM.Collect$$libinit$$00000021  c_w.l(libinit2.o)
    0x0800027a   0x00000000   Code   RO         1103    .ARM.Collect$$libinit$$00000023  c_w.l(libinit2.o)
    0x0800027a   0x00000000   Code   RO         1105    .ARM.Collect$$libinit$$00000025  c_w.l(libinit2.o)
    0x0800027a   0x00000000   Code   RO         1109    .ARM.Collect$$libinit$$0000002C  c_w.l(libinit2.o)
    0x0800027a   0x00000000   Code   RO         1111    .ARM.Collect$$libinit$$0000002E  c_w.l(libinit2.o)
    0x0800027a   0x00000000   Code   RO         1113    .ARM.Collect$$libinit$$00000030  c_w.l(libinit2.o)
    0x0800027a   0x00000000   Code   RO         1115    .ARM.Collect$$libinit$$00000032  c_w.l(libinit2.o)
    0x0800027a   0x00000002   Code   RO         1116    .ARM.Collect$$libinit$$00000033  c_w.l(libinit2.o)
    0x0800027c   0x00000002   Code   RO         1158    .ARM.Collect$$libshutdown$$00000000  c_w.l(libshutdown.o)
    0x0800027e   0x00000000   Code   RO         1168    .ARM.Collect$$libshutdown$$00000003  c_w.l(libshutdown2.o)
    0x0800027e   0x00000000   Code   RO         1171    .ARM.Collect$$libshutdown$$00000006  c_w.l(libshutdown2.o)
    0x0800027e   0x00000000   Code   RO         1174    .ARM.Collect$$libshutdown$$00000009  c_w.l(libshutdown2.o)
    0x0800027e   0x00000000   Code   RO         1176    .ARM.Collect$$libshutdown$$0000000B  c_w.l(libshutdown2.o)
    0x0800027e   0x00000000   Code   RO         1179    .ARM.Collect$$libshutdown$$0000000E  c_w.l(libshutdown2.o)
    0x0800027e   0x00000002   Code   RO         1180    .ARM.Collect$$libshutdown$$0000000F  c_w.l(libshutdown2.o)
    0x08000280   0x00000000   Code   RO          910    .ARM.Collect$$rtentry$$00000000  c_w.l(__rtentry.o)
    0x08000280   0x00000000   Code   RO          981    .ARM.Collect$$rtentry$$00000002  c_w.l(__rtentry2.o)
    0x08000280   0x00000006   Code   RO          993    .ARM.Collect$$rtentry$$00000004  c_w.l(__rtentry4.o)
    0x08000286   0x00000000   Code   RO          983    .ARM.Collect$$rtentry$$00000009  c_w.l(__rtentry2.o)
    0x08000286   0x00000004   Code   RO          984    .ARM.Collect$$rtentry$$0000000A  c_w.l(__rtentry2.o)
    0x0800028a   0x00000000   Code   RO          986    .ARM.Collect$$rtentry$$0000000C  c_w.l(__rtentry2.o)
    0x0800028a   0x00000008   Code   RO          987    .ARM.Collect$$rtentry$$0000000D  c_w.l(__rtentry2.o)
    0x08000292   0x00000002   Code   RO         1117    .ARM.Collect$$rtexit$$00000000  c_w.l(rtexit.o)
    0x08000294   0x00000000   Code   RO         1128    .ARM.Collect$$rtexit$$00000002  c_w.l(rtexit2.o)
    0x08000294   0x00000004   Code   RO         1129    .ARM.Collect$$rtexit$$00000003  c_w.l(rtexit2.o)
    0x08000298   0x00000006   Code   RO         1130    .ARM.Collect$$rtexit$$00000004  c_w.l(rtexit2.o)
    0x0800029e   0x00000002   PAD
    0x080002a0   0x000007c4   Code   RO            3    .text               main.o
    0x08000a64   0x0000001a   Code   RO          172    .text               stm32f4xx_it.o
    0x08000a7e   0x00000002   PAD
    0x08000a80   0x00000210   Code   RO          221    .text               system_stm32f4xx.o
    0x08000c90   0x00000040   Code   RO          247    .text               led.o
    0x08000cd0   0x00000104   Code   RO          267    .text               key.o
    0x08000dd4   0x00004c80   Code   RO          288    .text               lcd.o
    0x08005a54   0x0000025c   Code   RO          326    .text               myiic.o
    0x08005cb0   0x00000384   Code   RO          346    .text               mpu6050.o
    0x08006034   0x000022c0   Code   RO          366    .text               inv_mpu.o
    0x080082f4   0x00000d90   Code   RO          401    .text               inv_mpu_dmp_motion_driver.o
    0x08009084   0x000009d8   Code   RO          434    .text               virtualdmp.o
    0x08009a5c   0x00000104   Code   RO          461    .text               delay.o
    0x08009b60   0x00000148   Code   RO          501    .text               usart.o
    0x08009ca8   0x00000040   Code   RO          533    .text               startup_stm32f40_41xxx.o
    0x08009ce8   0x000000e0   Code   RO          539    .text               misc.o
    0x08009dc8   0x000005c8   Code   RO          559    .text               stm32f4xx_fsmc.o
    0x0800a390   0x00000294   Code   RO          582    .text               stm32f4xx_gpio.o
    0x0800a624   0x0000065c   Code   RO          602    .text               stm32f4xx_rcc.o
    0x0800ac80   0x00000454   Code   RO          644    .text               stm32f4xx_usart.o
    0x0800b0d4   0x00000ca2   Code   RO          664    .text               stm32f4xx_tim.o
    0x0800bd76   0x00000002   PAD
    0x0800bd78   0x00000c34   Code   RO          684    .text               usmart.o
    0x0800c9ac   0x00000528   Code   RO          736    .text               usmart_str.o
    0x0800ced4   0x00000002   Code   RO          756    .text               c_w.l(use_no_semi_2.o)
    0x0800ced6   0x00000048   Code   RO          758    .text               c_w.l(llsdiv.o)
    0x0800cf1e   0x00000002   PAD
    0x0800cf20   0x00000018   Code   RO          762    .text               c_w.l(noretval__2printf.o)
    0x0800cf38   0x0000004e   Code   RO          766    .text               c_w.l(_printf_pad.o)
    0x0800cf86   0x00000052   Code   RO          768    .text               c_w.l(_printf_str.o)
    0x0800cfd8   0x00000078   Code   RO          770    .text               c_w.l(_printf_dec.o)
    0x0800d050   0x00000058   Code   RO          775    .text               c_w.l(_printf_hex_int.o)
    0x0800d0a8   0x00000188   Code   RO          810    .text               c_w.l(__printf_flags_ss_wp.o)
    0x0800d230   0x00000058   Code   RO          820    .text               c_w.l(memcmp.o)
    0x0800d288   0x00000010   Code   RO          822    .text               c_w.l(aeabi_memset.o)
    0x0800d298   0x00000006   Code   RO          824    .text               c_w.l(heapauxi.o)
    0x0800d29e   0x00000002   Code   RO          908    .text               c_w.l(use_no_semi.o)
    0x0800d2a0   0x000000ee   Code   RO          911    .text               c_w.l(lludivv7m.o)
    0x0800d38e   0x00000016   Code   RO          913    .text               c_w.l(_rserrno.o)
    0x0800d3a4   0x000000b2   Code   RO          915    .text               c_w.l(_printf_intcommon.o)
    0x0800d456   0x0000041a   Code   RO          917    .text               c_w.l(_printf_fp_dec.o)
    0x0800d870   0x0000002c   Code   RO          919    .text               c_w.l(_printf_char.o)
    0x0800d89c   0x00000024   Code   RO          921    .text               c_w.l(_printf_char_file.o)
    0x0800d8c0   0x00000044   Code   RO          924    .text               c_w.l(rt_memclr.o)
    0x0800d904   0x00000008   Code   RO         1002    .text               c_w.l(rt_locale_intlibspace.o)
    0x0800d90c   0x00000008   Code   RO         1007    .text               c_w.l(rt_errno_addr_intlibspace.o)
    0x0800d914   0x0000008a   Code   RO         1009    .text               c_w.l(lludiv10.o)
    0x0800d99e   0x00000002   PAD
    0x0800d9a0   0x00000030   Code   RO         1011    .text               c_w.l(_printf_char_common.o)
    0x0800d9d0   0x00000080   Code   RO         1013    .text               c_w.l(_printf_fp_infnan.o)
    0x0800da50   0x000000dc   Code   RO         1015    .text               c_w.l(bigflt0.o)
    0x0800db2c   0x00000008   Code   RO         1040    .text               c_w.l(ferror.o)
    0x0800db34   0x0000004e   Code   RO         1047    .text               c_w.l(rt_memclr_w.o)
    0x0800db82   0x00000002   PAD
    0x0800db84   0x00000008   Code   RO         1053    .text               c_w.l(libspace.o)
    0x0800db8c   0x0000004a   Code   RO         1056    .text               c_w.l(sys_stackheap_outer.o)
    0x0800dbd6   0x0000000c   Code   RO         1062    .text               c_w.l(exit.o)
    0x0800dbe2   0x00000002   PAD
    0x0800dbe4   0x00000080   Code   RO         1064    .text               c_w.l(strcmpv7m.o)
    0x0800dc64   0x0000003e   Code   RO         1018    CL$$btod_d2e        c_w.l(btod.o)
    0x0800dca2   0x00000046   Code   RO         1020    CL$$btod_d2e_denorm_low  c_w.l(btod.o)
    0x0800dce8   0x00000060   Code   RO         1019    CL$$btod_d2e_norm_op1  c_w.l(btod.o)
    0x0800dd48   0x00000338   Code   RO         1028    CL$$btod_div_common  c_w.l(btod.o)
    0x0800e080   0x000000c6   Code   RO         1025    CL$$btod_e2e        c_w.l(btod.o)
    0x0800e146   0x00000028   Code   RO         1022    CL$$btod_ediv       c_w.l(btod.o)
    0x0800e16e   0x00000028   Code   RO         1021    CL$$btod_emul       c_w.l(btod.o)
    0x0800e196   0x00000244   Code   RO         1027    CL$$btod_mult_common  c_w.l(btod.o)
    0x0800e3da   0x00000030   Code   RO          975    i.__ARM_fpclassify  m_wm.l(fpclassify.o)
    0x0800e40a   0x00000006   PAD
    0x0800e410   0x00000358   Code   RO          856    i.__hardfp_acos     m_wm.l(acos.o)
    0x0800e768   0x00000360   Code   RO          870    i.__hardfp_asin     m_wm.l(asin.o)
    0x0800eac8   0x000002d8   Code   RO          941    i.__hardfp_atan     m_wm.l(atan.o)
    0x0800eda0   0x000001f0   Code   RO          884    i.__hardfp_atan2    m_wm.l(atan2.o)
    0x0800ef90   0x0000007a   Code   RO          896    i.__hardfp_sqrt     m_wm.l(sqrt.o)
    0x0800f00a   0x000000f8   Code   RO          977    i.__kernel_poly     m_wm.l(poly.o)
    0x0800f102   0x00000014   Code   RO          956    i.__mathlib_dbl_infnan  m_wm.l(dunder.o)
    0x0800f116   0x00000014   Code   RO          957    i.__mathlib_dbl_infnan2  m_wm.l(dunder.o)
    0x0800f12a   0x00000006   PAD
    0x0800f130   0x00000020   Code   RO          958    i.__mathlib_dbl_invalid  m_wm.l(dunder.o)
    0x0800f150   0x00000020   Code   RO          961    i.__mathlib_dbl_underflow  m_wm.l(dunder.o)
    0x0800f170   0x0000000e   Code   RO          803    i._is_digit         c_w.l(__printf_wp.o)
    0x0800f17e   0x00000010   Code   RO          943    i.atan              m_wm.l(atan.o)
    0x0800f18e   0x00000018   Code   RO          971    i.fabs              m_wm.l(fabs.o)
    0x0800f1a6   0x0000006e   Code   RO          898    i.sqrt              m_wm.l(sqrt.o)
    0x0800f214   0x0000002c   Code   RO         1045    locale$$code        c_w.l(lc_numeric_c.o)
    0x0800f240   0x00000018   Code   RO          926    x$fpl$basic         fz_wm.l(basic.o)
    0x0800f258   0x00000062   Code   RO          828    x$fpl$d2f           fz_wm.l(d2f.o)
    0x0800f2ba   0x00000002   PAD
    0x0800f2bc   0x00000150   Code   RO          830    x$fpl$dadd          fz_wm.l(daddsub_clz.o)
    0x0800f40c   0x000002b0   Code   RO          837    x$fpl$ddiv          fz_wm.l(ddiv.o)
    0x0800f6bc   0x0000005a   Code   RO          840    x$fpl$dfixu         fz_wm.l(dfixu.o)
    0x0800f716   0x0000002e   Code   RO          845    x$fpl$dflt          fz_wm.l(dflt_clz.o)
    0x0800f744   0x00000026   Code   RO          844    x$fpl$dfltu         fz_wm.l(dflt_clz.o)
    0x0800f76a   0x00000002   PAD
    0x0800f76c   0x00000154   Code   RO          850    x$fpl$dmul          fz_wm.l(dmul.o)
    0x0800f8c0   0x0000009c   Code   RO          930    x$fpl$dnaninf       fz_wm.l(dnaninf.o)
    0x0800f95c   0x0000000c   Code   RO          932    x$fpl$dretinf       fz_wm.l(dretinf.o)
    0x0800f968   0x00000016   Code   RO          831    x$fpl$drsb          fz_wm.l(daddsub_clz.o)
    0x0800f97e   0x00000002   PAD
    0x0800f980   0x00000198   Code   RO          934    x$fpl$dsqrt         fz_wm.l(dsqrt_umaal.o)
    0x0800fb18   0x000001d4   Code   RO          832    x$fpl$dsub          fz_wm.l(daddsub_clz.o)
    0x0800fcec   0x00000056   Code   RO          852    x$fpl$f2d           fz_wm.l(f2d.o)
    0x0800fd42   0x0000008c   Code   RO          936    x$fpl$fnaninf       fz_wm.l(fnaninf.o)
    0x0800fdce   0x0000000a   Code   RO         1125    x$fpl$fpinit        fz_wm.l(fpinit.o)
    0x0800fdd8   0x0000000a   Code   RO          938    x$fpl$fretinf       fz_wm.l(fretinf.o)
    0x0800fde2   0x00000004   Code   RO          854    x$fpl$printf1       fz_wm.l(printf1.o)
    0x0800fde6   0x00000000   Code   RO          940    x$fpl$usenofp       fz_wm.l(usenofp.o)
    0x0800fde6   0x000017c0   Data   RO          290    .constdata          lcd.o
    0x080115a6   0x00000002   PAD
    0x080115a8   0x00000050   Data   RO          367    .constdata          inv_mpu.o
    0x080115f8   0x00000bf6   Data   RO          403    .constdata          inv_mpu_dmp_motion_driver.o
    0x080121ee   0x00000002   PAD
    0x080121f0   0x0000001c   Data   RO          560    .constdata          stm32f4xx_fsmc.o
    0x0801220c   0x00000028   Data   RO          776    .constdata          c_w.l(_printf_hex_int.o)
    0x08012234   0x00000011   Data   RO          811    .constdata          c_w.l(__printf_flags_ss_wp.o)
    0x08012245   0x00000003   PAD
    0x08012248   0x00000050   Data   RO          859    .constdata          m_wm.l(acos.o)
    0x08012298   0x00000050   Data   RO          873    .constdata          m_wm.l(asin.o)
    0x080122e8   0x00000098   Data   RO          944    .constdata          m_wm.l(atan.o)
    0x08012380   0x00000008   Data   RO          979    .constdata          m_wm.l(qnan.o)
    0x08012388   0x00000094   Data   RO         1016    .constdata          c_w.l(bigflt0.o)
    0x0801241c   0x0000004d   Data   RO          368    .conststring        inv_mpu.o
    0x08012469   0x00000003   PAD
    0x0801246c   0x00000028   Data   RO          685    .conststring        usmart.o
    0x08012494   0x000000cb   Data   RO          715    .conststring        usmart_config.o
    0x0801255f   0x00000001   PAD
    0x08012560   0x00000020   Data   RO         1195    Region$$Table       anon$$obj.o
    0x08012580   0x0000001c   Data   RO         1044    locale$$data        c_w.l(lc_numeric_c.o)


    Execution Region RW_IRAM1 (Base: 0x20000000, Size: 0x00000a28, Max: 0x00020000, ABSOLUTE, COMPRESSED[0x000000b4])

    Base Addr    Size         Type   Attr      Idx    E Section Name        Object

    0x20000000   0x00000014   Data   RW          222    .data               system_stm32f4xx.o
    0x20000014   0x00000001   Data   RW          268    .data               key.o
    0x20000015   0x00000001   PAD
    0x20000016   0x00000004   Data   RW          291    .data               lcd.o
    0x2000001a   0x00000002   PAD
    0x2000001c   0x00000035   Data   RW          369    .data               inv_mpu.o
    0x20000051   0x00000003   PAD
    0x20000054   0x000000f8   Data   RW          436    .data               virtualdmp.o
    0x2000014c   0x00000004   Data   RW          462    .data               delay.o
    0x20000150   0x00000006   Data   RW          503    .data               usart.o
    0x20000156   0x00000010   Data   RW          603    .data               stm32f4xx_rcc.o
    0x20000166   0x00000002   PAD
    0x20000168   0x0000001c   Data   RW          686    .data               usmart.o
    0x20000184   0x0000012c   Data   RW          716    .data               usmart_config.o
    0x200002b0   0x0000000e   Zero   RW          289    .bss                lcd.o
    0x200002be   0x00000002   PAD
    0x200002c0   0x00000010   Zero   RW          402    .bss                inv_mpu_dmp_motion_driver.o
    0x200002d0   0x00000030   Zero   RW          435    .bss                virtualdmp.o
    0x20000300   0x000000c8   Zero   RW          502    .bss                usart.o
    0x200003c8   0x00000060   Zero   RW         1054    .bss                c_w.l(libspace.o)
    0x20000428   0x00000200   Zero   RW          531    HEAP                startup_stm32f40_41xxx.o
    0x20000628   0x00000400   Zero   RW          530    STACK               startup_stm32f40_41xxx.o


==============================================================================

Image component sizes


      Code (inc. data)   RO Data    RW Data    ZI Data      Debug   Object Name

       260          8          0          4          0       1489   delay.o
      8896        222        157         53          0      23913   inv_mpu.o
      3472        142       3062          0         16      15291   inv_mpu_dmp_motion_driver.o
       260         12          0          1          0        892   key.o
     19584        174       6080          4         14      22410   lcd.o
        64          4          0          0          0        551   led.o
      1988        234          0          0          0     293017   main.o
       224         20          0          0          0       1873   misc.o
       900         22          0          0          0       4307   mpu6050.o
       604         14          0          0          0       1924   myiic.o
        64         26        392          0       1536        856   startup_stm32f40_41xxx.o
      1480         18         28          0          0       5698   stm32f4xx_fsmc.o
       660         44          0          0          0       4149   stm32f4xx_gpio.o
        26          0          0          0          0       1250   stm32f4xx_it.o
      1628         52          0         16          0      12964   stm32f4xx_rcc.o
      3234         60          0          0          0      22352   stm32f4xx_tim.o
      1108         34          0          0          0       7848   stm32f4xx_usart.o
       528         46          0         20          0       1859   system_stm32f4xx.o
       328         16          0          6        200       3370   usart.o
      3124       1286         40         28          0       4450   usmart.o
         0          0        203        300          0       1584   usmart_config.o
      1320         12          0          0          0       5217   usmart_str.o
      2520        288          0        248         48       4965   virtualdmp.o

    ----------------------------------------------------------------------
     52276       2734      10002        688       1816     442229   Object Totals
         0          0         32          0          0          0   (incl. Generated)
         4          0          8          8          2          0   (incl. Padding)

    ----------------------------------------------------------------------

      Code (inc. data)   RO Data    RW Data    ZI Data      Debug   Library Member Name

        90          0          0          0          0          0   __dczerorl2.o
         8          0          0          0          0         68   __main.o
       392          4         17          0          0         92   __printf_flags_ss_wp.o
        14          0          0          0          0         68   __printf_wp.o
         0          0          0          0          0          0   __rtentry.o
        12          0          0          0          0          0   __rtentry2.o
         6          0          0          0          0          0   __rtentry4.o
        52          8          0          0          0          0   __scatter.o
        28          0          0          0          0          0   __scatter_zi.o
         6          0          0          0          0          0   _printf_c.o
        44          0          0          0          0        108   _printf_char.o
        48          6          0          0          0         96   _printf_char_common.o
        36          4          0          0          0         80   _printf_char_file.o
         6          0          0          0          0          0   _printf_d.o
       120         16          0          0          0         92   _printf_dec.o
         6          0          0          0          0          0   _printf_f.o
      1050          0          0          0          0        216   _printf_fp_dec.o
       128         16          0          0          0         84   _printf_fp_infnan.o
        88          4         40          0          0         88   _printf_hex_int.o
       178          0          0          0          0         88   _printf_intcommon.o
        78          0          0          0          0        108   _printf_pad.o
         0          0          0          0          0          0   _printf_percent.o
         4          0          0          0          0          0   _printf_percent_end.o
         6          0          0          0          0          0   _printf_s.o
        82          0          0          0          0         80   _printf_str.o
         6          0          0          0          0          0   _printf_u.o
         6          0          0          0          0          0   _printf_x.o
        22          0          0          0          0        100   _rserrno.o
        16          0          0          0          0         68   aeabi_memset.o
       220          4        148          0          0         96   bigflt0.o
      1910        128          0          0          0        672   btod.o
        12          0          0          0          0         72   exit.o
         8          0          0          0          0         68   ferror.o
         6          0          0          0          0        152   heapauxi.o
        44         10         28          0          0         76   lc_numeric_c.o
         2          0          0          0          0          0   libinit.o
        22          0          0          0          0          0   libinit2.o
         2          0          0          0          0          0   libshutdown.o
         2          0          0          0          0          0   libshutdown2.o
         8          4          0          0         96         68   libspace.o
        72          0          0          0          0         76   llsdiv.o
       138          0          0          0          0         80   lludiv10.o
       238          0          0          0          0        100   lludivv7m.o
        88          0          0          0          0         76   memcmp.o
        24          4          0          0          0         84   noretval__2printf.o
         8          4          0          0          0         68   rt_errno_addr_intlibspace.o
         8          4          0          0          0         68   rt_locale_intlibspace.o
        68          0          0          0          0         68   rt_memclr.o
        78          0          0          0          0         80   rt_memclr_w.o
         2          0          0          0          0          0   rtexit.o
        10          0          0          0          0          0   rtexit2.o
       128          0          0          0          0         68   strcmpv7m.o
        74          0          0          0          0         80   sys_stackheap_outer.o
         2          0          0          0          0         68   use_no_semi.o
         2          0          0          0          0         68   use_no_semi_2.o
        24          0          0          0          0        164   basic.o
        98          4          0          0          0        140   d2f.o
       826         16          0          0          0        492   daddsub_clz.o
       688        140          0          0          0        256   ddiv.o
        90          4          0          0          0        140   dfixu.o
        84          0          0          0          0        232   dflt_clz.o
       340         12          0          0          0        152   dmul.o
       156          4          0          0          0        140   dnaninf.o
        12          0          0          0          0        116   dretinf.o
       408         56          0          0          0        168   dsqrt_umaal.o
        86          4          0          0          0        132   f2d.o
       140          4          0          0          0        132   fnaninf.o
        10          0          0          0          0        116   fpinit.o
        10          0          0          0          0        116   fretinf.o
         4          0          0          0          0        116   printf1.o
         0          0          0          0          0          0   usenofp.o
       856        118         80          0          0        288   acos.o
       864         94         80          0          0        280   asin.o
       744        106        152          0          0        352   atan.o
       496         64          0          0          0        192   atan2.o
       104         16          0          0          0        496   dunder.o
        24          0          0          0          0        124   fabs.o
        48          0          0          0          0        124   fpclassify.o
       248          0          0          0          0        152   poly.o
         0          0          8          0          0          0   qnan.o
       232          0          0          0          0        296   sqrt.o

    ----------------------------------------------------------------------
     12330        858        556          0         96       8540   Library Totals
        30          0          3          0          0          0   (incl. Padding)

    ----------------------------------------------------------------------

      Code (inc. data)   RO Data    RW Data    ZI Data      Debug   Library Name

      5708        216        233          0         96       3624   c_w.l
      2976        244          0          0          0       2612   fz_wm.l
      3616        398        320          0          0       2304   m_wm.l

    ----------------------------------------------------------------------
     12330        858        556          0         96       8540   Library Totals

    ----------------------------------------------------------------------

==============================================================================


      Code (inc. data)   RO Data    RW Data    ZI Data      Debug   

     64606       3592      10558        688       1912     441141   Grand Totals
     64606       3592      10558        180       1912     441141   ELF Image Totals (compressed)
     64606       3592      10558        180          0          0   ROM Totals

==============================================================================

    Total RO  Size (Code + RO Data)                75164 (  73.40kB)
    Total RW  Size (RW Data + ZI Data)              2600 (   2.54kB)
    Total ROM Size (Code + RO Data + RW Data)      75344 (  73.58kB)

==============================================================================

